Archive member included to satisfy reference by file (symbol)

c:/ac6/systemworkbench/plugins/fr.ac6.mcu.externaltools.arm-none.win32_1.15.0.201708311556/tools/compiler/bin/../lib/gcc/arm-none-eabi/6.3.1/../../../../arm-none-eabi/lib/thumb/v7e-m/fpv4-sp/hard\libm.a(lib_a-w_atan2.o)
                              Src/ControlTask/ControlTask.o (atan2)
c:/ac6/systemworkbench/plugins/fr.ac6.mcu.externaltools.arm-none.win32_1.15.0.201708311556/tools/compiler/bin/../lib/gcc/arm-none-eabi/6.3.1/../../../../arm-none-eabi/lib/thumb/v7e-m/fpv4-sp/hard\libm.a(lib_a-e_atan2.o)
                              c:/ac6/systemworkbench/plugins/fr.ac6.mcu.externaltools.arm-none.win32_1.15.0.201708311556/tools/compiler/bin/../lib/gcc/arm-none-eabi/6.3.1/../../../../arm-none-eabi/lib/thumb/v7e-m/fpv4-sp/hard\libm.a(lib_a-w_atan2.o) (__ieee754_atan2)
c:/ac6/systemworkbench/plugins/fr.ac6.mcu.externaltools.arm-none.win32_1.15.0.201708311556/tools/compiler/bin/../lib/gcc/arm-none-eabi/6.3.1/../../../../arm-none-eabi/lib/thumb/v7e-m/fpv4-sp/hard\libm.a(lib_a-s_atan.o)
                              c:/ac6/systemworkbench/plugins/fr.ac6.mcu.externaltools.arm-none.win32_1.15.0.201708311556/tools/compiler/bin/../lib/gcc/arm-none-eabi/6.3.1/../../../../arm-none-eabi/lib/thumb/v7e-m/fpv4-sp/hard\libm.a(lib_a-e_atan2.o) (atan)
c:/ac6/systemworkbench/plugins/fr.ac6.mcu.externaltools.arm-none.win32_1.15.0.201708311556/tools/compiler/bin/../lib/gcc/arm-none-eabi/6.3.1/../../../../arm-none-eabi/lib/thumb/v7e-m/fpv4-sp/hard\libm.a(lib_a-s_fabs.o)
                              c:/ac6/systemworkbench/plugins/fr.ac6.mcu.externaltools.arm-none.win32_1.15.0.201708311556/tools/compiler/bin/../lib/gcc/arm-none-eabi/6.3.1/../../../../arm-none-eabi/lib/thumb/v7e-m/fpv4-sp/hard\libm.a(lib_a-e_atan2.o) (fabs)
c:/ac6/systemworkbench/plugins/fr.ac6.mcu.externaltools.arm-none.win32_1.15.0.201708311556/tools/compiler/bin/../lib/gcc/arm-none-eabi/6.3.1/thumb/v7e-m/fpv4-sp/hard\libgcc.a(_arm_addsubdf3.o)
                              c:/ac6/systemworkbench/plugins/fr.ac6.mcu.externaltools.arm-none.win32_1.15.0.201708311556/tools/compiler/bin/../lib/gcc/arm-none-eabi/6.3.1/../../../../arm-none-eabi/lib/thumb/v7e-m/fpv4-sp/hard\libm.a(lib_a-e_atan2.o) (__aeabi_dsub)
c:/ac6/systemworkbench/plugins/fr.ac6.mcu.externaltools.arm-none.win32_1.15.0.201708311556/tools/compiler/bin/../lib/gcc/arm-none-eabi/6.3.1/thumb/v7e-m/fpv4-sp/hard\libgcc.a(_arm_muldivdf3.o)
                              Src/ControlTask/ControlTask.o (__aeabi_dmul)
c:/ac6/systemworkbench/plugins/fr.ac6.mcu.externaltools.arm-none.win32_1.15.0.201708311556/tools/compiler/bin/../lib/gcc/arm-none-eabi/6.3.1/thumb/v7e-m/fpv4-sp/hard\libgcc.a(_arm_cmpdf2.o)
                              c:/ac6/systemworkbench/plugins/fr.ac6.mcu.externaltools.arm-none.win32_1.15.0.201708311556/tools/compiler/bin/../lib/gcc/arm-none-eabi/6.3.1/../../../../arm-none-eabi/lib/thumb/v7e-m/fpv4-sp/hard\libm.a(lib_a-s_atan.o) (__aeabi_dcmpgt)
c:/ac6/systemworkbench/plugins/fr.ac6.mcu.externaltools.arm-none.win32_1.15.0.201708311556/tools/compiler/bin/../lib/gcc/arm-none-eabi/6.3.1/thumb/v7e-m/fpv4-sp/hard\libgcc.a(_arm_truncdfsf2.o)
                              Src/ControlTask/ControlTask.o (__aeabi_d2f)
c:/ac6/systemworkbench/plugins/fr.ac6.mcu.externaltools.arm-none.win32_1.15.0.201708311556/tools/compiler/bin/../lib/gcc/arm-none-eabi/6.3.1/../../../../arm-none-eabi/lib/thumb/v7e-m/fpv4-sp/hard\libc_nano.a(lib_a-errno.o)
                              Src/syscalls.o (__errno)
c:/ac6/systemworkbench/plugins/fr.ac6.mcu.externaltools.arm-none.win32_1.15.0.201708311556/tools/compiler/bin/../lib/gcc/arm-none-eabi/6.3.1/../../../../arm-none-eabi/lib/thumb/v7e-m/fpv4-sp/hard\libc_nano.a(lib_a-exit.o)
                              c:/ac6/systemworkbench/plugins/fr.ac6.mcu.externaltools.arm-none.win32_1.15.0.201708311556/tools/compiler/bin/../lib/gcc/arm-none-eabi/6.3.1/../../../../arm-none-eabi/lib/thumb/v7e-m/fpv4-sp/hard/crt0.o (exit)
c:/ac6/systemworkbench/plugins/fr.ac6.mcu.externaltools.arm-none.win32_1.15.0.201708311556/tools/compiler/bin/../lib/gcc/arm-none-eabi/6.3.1/../../../../arm-none-eabi/lib/thumb/v7e-m/fpv4-sp/hard\libc_nano.a(lib_a-impure.o)
                              c:/ac6/systemworkbench/plugins/fr.ac6.mcu.externaltools.arm-none.win32_1.15.0.201708311556/tools/compiler/bin/../lib/gcc/arm-none-eabi/6.3.1/../../../../arm-none-eabi/lib/thumb/v7e-m/fpv4-sp/hard\libc_nano.a(lib_a-exit.o) (_global_impure_ptr)
c:/ac6/systemworkbench/plugins/fr.ac6.mcu.externaltools.arm-none.win32_1.15.0.201708311556/tools/compiler/bin/../lib/gcc/arm-none-eabi/6.3.1/../../../../arm-none-eabi/lib/thumb/v7e-m/fpv4-sp/hard\libc_nano.a(lib_a-init.o)
                              c:/ac6/systemworkbench/plugins/fr.ac6.mcu.externaltools.arm-none.win32_1.15.0.201708311556/tools/compiler/bin/../lib/gcc/arm-none-eabi/6.3.1/../../../../arm-none-eabi/lib/thumb/v7e-m/fpv4-sp/hard/crt0.o (__libc_init_array)
[...]
Memory Configuration

Name             Origin             Length             Attributes
RAM              0x20000000         0x00030000         xrw
CCMRAM           0x10000000         0x00010000         rw
FLASH            0x08000000         0x00200000         xr
*default*        0x00000000         0xffffffff

Linker script and memory map

LOAD c:/ac6/systemworkbench/plugins/fr.ac6.mcu.externaltools.arm-none.win32_1.15.0.201708311556/tools/compiler/bin/../lib/gcc/arm-none-eabi/6.3.1/thumb/v7e-m/fpv4-sp/hard/crti.o
LOAD c:/ac6/systemworkbench/plugins/fr.ac6.mcu.externaltools.arm-none.win32_1.15.0.201708311556/tools/compiler/bin/../lib/gcc/arm-none-eabi/6.3.1/thumb/v7e-m/fpv4-sp/hard/crtbegin.o
LOAD c:/ac6/systemworkbench/plugins/fr.ac6.mcu.externaltools.arm-none.win32_1.15.0.201708311556/tools/compiler/bin/../lib/gcc/arm-none-eabi/6.3.1/../../../../arm-none-eabi/lib/thumb/v7e-m/fpv4-sp/hard/crt0.o
LOAD Drivers/STM32F4xx_HAL_Driver/Src/stm32f4xx_hal.o
LOAD Drivers/STM32F4xx_HAL_Driver/Src/stm32f4xx_hal_cortex.o
LOAD Drivers/STM32F4xx_HAL_Driver/Src/stm32f4xx_hal_dma.o
LOAD Drivers/STM32F4xx_HAL_Driver/Src/stm32f4xx_hal_dma_ex.o
LOAD Drivers/STM32F4xx_HAL_Driver/Src/stm32f4xx_hal_flash.o
LOAD Drivers/STM32F4xx_HAL_Driver/Src/stm32f4xx_hal_flash_ex.o
LOAD Drivers/STM32F4xx_HAL_Driver/Src/stm32f4xx_hal_flash_ramfunc.o
LOAD Drivers/STM32F4xx_HAL_Driver/Src/stm32f4xx_hal_gpio.o
LOAD Drivers/STM32F4xx_HAL_Driver/Src/stm32f4xx_hal_i2c.o
LOAD Drivers/STM32F4xx_HAL_Driver/Src/stm32f4xx_hal_i2c_ex.o
LOAD Drivers/STM32F4xx_HAL_Driver/Src/stm32f4xx_hal_iwdg.o
LOAD Drivers/STM32F4xx_HAL_Driver/Src/stm32f4xx_hal_pwr.o
LOAD Drivers/STM32F4xx_HAL_Driver/Src/stm32f4xx_hal_pwr_ex.o
LOAD Drivers/STM32F4xx_HAL_Driver/Src/stm32f4xx_hal_rcc.o
LOAD Drivers/STM32F4xx_HAL_Driver/Src/stm32f4xx_hal_rcc_ex.o
LOAD Drivers/STM32F4xx_HAL_Driver/Src/stm32f4xx_hal_spi.o
LOAD Drivers/STM32F4xx_HAL_Driver/Src/stm32f4xx_hal_tim.o
LOAD Drivers/STM32F4xx_HAL_Driver/Src/stm32f4xx_hal_tim_ex.o
LOAD Drivers/STM32F4xx_HAL_Driver/Src/stm32f4xx_hal_uart.o
LOAD Drivers/STM32F4xx_HAL_Driver/Src/stm32f4xx_hal_wwdg.o
LOAD Middlewares/Third_Party/FreeRTOS/Source/CMSIS_RTOS/cmsis_os.o
LOAD Middlewares/Third_Party/FreeRTOS/Source/croutine.o
LOAD Middlewares/Third_Party/FreeRTOS/Source/event_groups.o
LOAD Middlewares/Third_Party/FreeRTOS/Source/list.o
LOAD Middlewares/Third_Party/FreeRTOS/Source/queue.o
LOAD Middlewares/Third_Party/FreeRTOS/Source/tasks.o
LOAD Middlewares/Third_Party/FreeRTOS/Source/timers.o
LOAD Middlewares/Third_Party/FreeRTOS/Source/portable/GCC/ARM_CM4F/port.o
LOAD Middlewares/Third_Party/FreeRTOS/Source/portable/MemMang/heap_4.o
LOAD Src/ControlTask/ControlTask.o
LOAD Src/Eeprom/EepromTask.o
LOAD Src/Eeprom/eeprom.o
LOAD Src/GPSTask/GPSTask.o
LOAD Src/IMUTask/EasyProfile/EasyObjectDictionary.o
LOAD Src/IMUTask/EasyProfile/EasyProfile.o
LOAD Src/IMUTask/EasyProfile/EasyProtocol.o
LOAD Src/IMUTask/EasyProfile/EasyQueue.o
LOAD Src/IMUTask/IMU.o
LOAD Src/IMUTask/IMUTask.o
LOAD Src/RemoteTask/RemoteTask.o
LOAD Src/SPITask/SPITask.o
LOAD Src/WindTask/WindTask.o
LOAD Src/debug/debug.o
LOAD Src/exampleTask/exampleTask.o
LOAD Src/freertos.o
LOAD Src/gpio.o
LOAD Src/iwdg.o
LOAD Src/main.o
LOAD Src/spi.o
LOAD Src/stm32f4xx_hal_msp.o
LOAD Src/stm32f4xx_hal_timebase_TIM.o
LOAD Src/stm32f4xx_it.o
LOAD Src/syscalls.o
LOAD Src/system_stm32f4xx.o
LOAD Src/usart.o
LOAD Src/wwdg.o
LOAD Src/iwdgTask/iwdgTask.o
LOAD startup/startup_stm32f429xx.o
LOAD c:/ac6/systemworkbench/plugins/fr.ac6.mcu.externaltools.arm-none.win32_1.15.0.201708311556/tools/compiler/bin/../lib/gcc/arm-none-eabi/6.3.1/../../../../arm-none-eabi/lib/thumb/v7e-m/fpv4-sp/hard\libm.a
START GROUP
LOAD c:/ac6/systemworkbench/plugins/fr.ac6.mcu.externaltools.arm-none.win32_1.15.0.201708311556/tools/compiler/bin/../lib/gcc/arm-none-eabi/6.3.1/thumb/v7e-m/fpv4-sp/hard\libgcc.a
LOAD c:/ac6/systemworkbench/plugins/fr.ac6.mcu.externaltools.arm-none.win32_1.15.0.201708311556/tools/compiler/bin/../lib/gcc/arm-none-eabi/6.3.1/../../../../arm-none-eabi/lib/thumb/v7e-m/fpv4-sp/hard\libc_nano.a
END GROUP
START GROUP
LOAD c:/ac6/systemworkbench/plugins/fr.ac6.mcu.externaltools.arm-none.win32_1.15.0.201708311556/tools/compiler/bin/../lib/gcc/arm-none-eabi/6.3.1/thumb/v7e-m/fpv4-sp/hard\libgcc.a
LOAD c:/ac6/systemworkbench/plugins/fr.ac6.mcu.externaltools.arm-none.win32_1.15.0.201708311556/tools/compiler/bin/../lib/gcc/arm-none-eabi/6.3.1/../../../../arm-none-eabi/lib/thumb/v7e-m/fpv4-sp/hard\libc_nano.a
LOAD c:/ac6/systemworkbench/plugins/fr.ac6.mcu.externaltools.arm-none.win32_1.15.0.201708311556/tools/compiler/bin/../lib/gcc/arm-none-eabi/6.3.1/../../../../arm-none-eabi/lib/thumb/v7e-m/fpv4-sp/hard\libnosys.a
END GROUP
START GROUP
LOAD c:/ac6/systemworkbench/plugins/fr.ac6.mcu.externaltools.arm-none.win32_1.15.0.201708311556/tools/compiler/bin/../lib/gcc/arm-none-eabi/6.3.1/thumb/v7e-m/fpv4-sp/hard\libgcc.a
LOAD c:/ac6/systemworkbench/plugins/fr.ac6.mcu.externaltools.arm-none.win32_1.15.0.201708311556/tools/compiler/bin/../lib/gcc/arm-none-eabi/6.3.1/../../../../arm-none-eabi/lib/thumb/v7e-m/fpv4-sp/hard\libc_nano.a
LOAD c:/ac6/systemworkbench/plugins/fr.ac6.mcu.externaltools.arm-none.win32_1.15.0.201708311556/tools/compiler/bin/../lib/gcc/arm-none-eabi/6.3.1/../../../../arm-none-eabi/lib/thumb/v7e-m/fpv4-sp/hard\libnosys.a
END GROUP
LOAD c:/ac6/systemworkbench/plugins/fr.ac6.mcu.externaltools.arm-none.win32_1.15.0.201708311556/tools/compiler/bin/../lib/gcc/arm-none-eabi/6.3.1/thumb/v7e-m/fpv4-sp/hard/crtend.o
LOAD c:/ac6/systemworkbench/plugins/fr.ac6.mcu.externaltools.arm-none.win32_1.15.0.201708311556/tools/compiler/bin/../lib/gcc/arm-none-eabi/6.3.1/thumb/v7e-m/fpv4-sp/hard/crtn.o
                0x20030000                _estack = 0x20030000
                0x00000200                _Min_Heap_Size = 0x200
                0x00000400                _Min_Stack_Size = 0x400

.isr_vector     0x08000000      0x1ac
                0x08000000                . = ALIGN (0x4)
 *(.isr_vector)
 .isr_vector    0x08000000      0x1ac startup/startup_stm32f429xx.o
                0x08000000                g_pfnVectors
                0x080001ac                . = ALIGN (0x4)

.text           0x080001b0     0xc2f4
                0x080001b0                . = ALIGN (0x4)
 *(.text)
 .text          0x080001b0       0x6c c:/ac6/systemworkbench/plugins/fr.ac6.mcu.externaltools.arm-none.win32_1.15.0.201708311556/tools/compiler/bin/../lib/gcc/arm-none-eabi/6.3.1/thumb/v7e-m/fpv4-sp/hard/crtbegin.o
 .text          0x0800021c      0x370 c:/ac6/systemworkbench/plugins/fr.ac6.mcu.externaltools.arm-none.win32_1.15.0.201708311556/tools/compiler/bin/../lib/gcc/arm-none-eabi/6.3.1/thumb/v7e-m/fpv4-sp/hard\libgcc.a(_arm_addsubdf3.o)
                0x0800021c                __aeabi_drsub
                0x08000224                __aeabi_dsub
                0x08000224                __subdf3
                0x08000228                __aeabi_dadd
                0x08000228                __adddf3
                0x080004a0                __floatunsidf
                0x080004a0                __aeabi_ui2d
                0x080004c0                __floatsidf
                0x080004c0                __aeabi_i2d
                0x080004e4                __aeabi_f2d
                0x080004e4                __extendsfdf2
                0x08000520                __floatundidf
                0x08000520                __aeabi_ul2d
                0x08000530                __floatdidf
                0x08000530                __aeabi_l2d
 .text          0x0800058c      0x424 c:/ac6/systemworkbench/plugins/fr.ac6.mcu.externaltools.arm-none.win32_1.15.0.201708311556/tools/compiler/bin/../lib/gcc/arm-none-eabi/6.3.1/thumb/v7e-m/fpv4-sp/hard\libgcc.a(_arm_muldivdf3.o)
                0x0800058c                __aeabi_dmul
                0x0800058c                __muldf3
                0x080007e0                __divdf3
                0x080007e0                __aeabi_ddiv
 .text          0x080009b0      0x110 c:/ac6/systemworkbench/plugins/fr.ac6.mcu.externaltools.arm-none.win32_1.15.0.201708311556/tools/compiler/bin/../lib/gcc/arm-none-eabi/6.3.1/thumb/v7e-m/fpv4-sp/hard\libgcc.a(_arm_cmpdf2.o)
                0x080009b0                __gtdf2
                0x080009b0                __gedf2
                0x080009b8                __ltdf2
                0x080009b8                __ledf2
                0x080009c0                __nedf2
                0x080009c0                __eqdf2
                0x080009c0                __cmpdf2
                0x08000a3c                __aeabi_cdrcmple
                0x08000a4c                __aeabi_cdcmpeq
                0x08000a4c                __aeabi_cdcmple
                0x08000a5c                __aeabi_dcmpeq
                0x08000a70                __aeabi_dcmplt
                0x08000a84                __aeabi_dcmple
                0x08000a98                __aeabi_dcmpge
                0x08000aac                __aeabi_dcmpgt
 .text          0x08000ac0       0xa0 c:/ac6/systemworkbench/plugins/fr.ac6.mcu.externaltools.arm-none.win32_1.15.0.201708311556/tools/compiler/bin/../lib/gcc/arm-none-eabi/6.3.1/thumb/v7e-m/fpv4-sp/hard\libgcc.a(_arm_truncdfsf2.o)
                0x08000ac0                __truncdfsf2
                0x08000ac0                __aeabi_d2f
 .text          0x08000b60       0x14 c:/ac6/systemworkbench/plugins/fr.ac6.mcu.externaltools.arm-none.win32_1.15.0.201708311556/tools/compiler/bin/../lib/gcc/arm-none-eabi/6.3.1/../../../../arm-none-eabi/lib/thumb/v7e-m/fpv4-sp/hard\libc_nano.a(lib_a-strcmp.o)
                0x08000b60                strcmp
 .text          0x08000b74       0x10 c:/ac6/systemworkbench/plugins/fr.ac6.mcu.externaltools.arm-none.win32_1.15.0.201708311556/tools/compiler/bin/../lib/gcc/arm-none-eabi/6.3.1/../../../../arm-none-eabi/lib/thumb/v7e-m/fpv4-sp/hard\libc_nano.a(lib_a-strlen.o)
                0x08000b74                strlen
 .text          0x08000b84       0x2c c:/ac6/systemworkbench/plugins/fr.ac6.mcu.externaltools.arm-none.win32_1.15.0.201708311556/tools/compiler/bin/../lib/gcc/arm-none-eabi/6.3.1/thumb/v7e-m/fpv4-sp/hard\libgcc.a(_arm_unorddf2.o)
                0x08000b84                __unorddf2
                0x08000b84                __aeabi_dcmpun
 .text          0x08000bb0       0x50 c:/ac6/systemworkbench/plugins/fr.ac6.mcu.externaltools.arm-none.win32_1.15.0.201708311556/tools/compiler/bin/../lib/gcc/arm-none-eabi/6.3.1/thumb/v7e-m/fpv4-sp/hard\libgcc.a(_arm_fixdfsi.o)
                0x08000bb0                __aeabi_d2iz
                0x08000bb0                __fixdfsi
 .text          0x08000c00       0x40 c:/ac6/systemworkbench/plugins/fr.ac6.mcu.externaltools.arm-none.win32_1.15.0.201708311556/tools/compiler/bin/../lib/gcc/arm-none-eabi/6.3.1/thumb/v7e-m/fpv4-sp/hard\libgcc.a(_arm_fixunsdfsi.o)
                0x08000c00                __aeabi_d2uiz
                0x08000c00                __fixunsdfsi
 *(.text*)
 .text.HAL_Init
                0x08000c40       0x44 Drivers/STM32F4xx_HAL_Driver/Src/stm32f4xx_hal.o
                0x08000c40                HAL_Init
 .text.HAL_IncTick
                0x08000c84       0x1c Drivers/STM32F4xx_HAL_Driver/Src/stm32f4xx_hal.o
                0x08000c84                HAL_IncTick
 .text.HAL_GetTick
                0x08000ca0       0x18 Drivers/STM32F4xx_HAL_Driver/Src/stm32f4xx_hal.o
                0x08000ca0                HAL_GetTick
 .text.NVIC_SetPriorityGrouping
                0x08000cb8       0x48 Drivers/STM32F4xx_HAL_Driver/Src/stm32f4xx_hal_cortex.o
 .text.NVIC_GetPriorityGrouping
                0x08000d00       0x1c Drivers/STM32F4xx_HAL_Driver/Src/stm32f4xx_hal_cortex.o
 .text.NVIC_EnableIRQ
                0x08000d1c       0x34 Drivers/STM32F4xx_HAL_Driver/Src/stm32f4xx_hal_cortex.o
 .text.NVIC_DisableIRQ
                0x08000d50       0x34 Drivers/STM32F4xx_HAL_Driver/Src/stm32f4xx_hal_cortex.o
 .text.NVIC_SetPriority
                0x08000d84       0x54 Drivers/STM32F4xx_HAL_Driver/Src/stm32f4xx_hal_cortex.o
 .text.NVIC_EncodePriority
                0x08000dd8       0x62 Drivers/STM32F4xx_HAL_Driver/Src/stm32f4xx_hal_cortex.o
 *fill*         0x08000e3a        0x2 
 .text.SysTick_Config
                0x08000e3c       0x44 Drivers/STM32F4xx_HAL_Driver/Src/stm32f4xx_hal_cortex.o
 .text.HAL_NVIC_SetPriorityGrouping
                0x08000e80       0x16 Drivers/STM32F4xx_HAL_Driver/Src/stm32f4xx_hal_cortex.o
                0x08000e80                HAL_NVIC_SetPriorityGrouping
 .text.HAL_NVIC_SetPriority
                0x08000e96       0x38 Drivers/STM32F4xx_HAL_Driver/Src/stm32f4xx_hal_cortex.o
                0x08000e96                HAL_NVIC_SetPriority
 .text.HAL_NVIC_EnableIRQ
                0x08000ece       0x1c Drivers/STM32F4xx_HAL_Driver/Src/stm32f4xx_hal_cortex.o
                0x08000ece                HAL_NVIC_EnableIRQ
 .text.HAL_NVIC_DisableIRQ
                0x08000eea       0x1c Drivers/STM32F4xx_HAL_Driver/Src/stm32f4xx_hal_cortex.o
                0x08000eea                HAL_NVIC_DisableIRQ
 .text.HAL_SYSTICK_Config
                0x08000f06       0x18 Drivers/STM32F4xx_HAL_Driver/Src/stm32f4xx_hal_cortex.o
                0x08000f06                HAL_SYSTICK_Config
 *fill*         0x08000f1e        0x2 
 .text.HAL_SYSTICK_CLKSourceConfig
                0x08000f20       0x38 Drivers/STM32F4xx_HAL_Driver/Src/stm32f4xx_hal_cortex.o
                0x08000f20                HAL_SYSTICK_CLKSourceConfig
 .text.HAL_DMA_Abort_IT
                0x08000f58       0x44 Drivers/STM32F4xx_HAL_Driver/Src/stm32f4xx_hal_dma.o
                0x08000f58                HAL_DMA_Abort_IT
 .text.HAL_FLASH_Program
                0x08000f9c       0xa8 Drivers/STM32F4xx_HAL_Driver/Src/stm32f4xx_hal_flash.o
                0x08000f9c                HAL_FLASH_Program
 .text.HAL_FLASH_Unlock
                0x08001044       0x34 Drivers/STM32F4xx_HAL_Driver/Src/stm32f4xx_hal_flash.o
                0x08001044                HAL_FLASH_Unlock
 .text.FLASH_WaitForLastOperation
                0x08001078       0x80 Drivers/STM32F4xx_HAL_Driver/Src/stm32f4xx_hal_flash.o
                0x08001078                FLASH_WaitForLastOperation
 .text.FLASH_Program_DoubleWord
                0x080010f8       0x58 Drivers/STM32F4xx_HAL_Driver/Src/stm32f4xx_hal_flash.o
 .text.FLASH_Program_Word
                0x08001150       0x44 Drivers/STM32F4xx_HAL_Driver/Src/stm32f4xx_hal_flash.o
 .text.FLASH_Program_HalfWord
                0x08001194       0x48 Drivers/STM32F4xx_HAL_Driver/Src/stm32f4xx_hal_flash.o
 .text.FLASH_Program_Byte
                0x080011dc       0x44 Drivers/STM32F4xx_HAL_Driver/Src/stm32f4xx_hal_flash.o
 .text.FLASH_SetErrorCode
                0x08001220       0xcc Drivers/STM32F4xx_HAL_Driver/Src/stm32f4xx_hal_flash.o
 .text.HAL_FLASHEx_Erase
                0x080012ec       0xe4 Drivers/STM32F4xx_HAL_Driver/Src/stm32f4xx_hal_flash_ex.o
                0x080012ec                HAL_FLASHEx_Erase
 .text.FLASH_MassErase
                0x080013d0       0x74 Drivers/STM32F4xx_HAL_Driver/Src/stm32f4xx_hal_flash_ex.o
 .text.FLASH_Erase_Sector
                0x08001444       0xb0 Drivers/STM32F4xx_HAL_Driver/Src/stm32f4xx_hal_flash_ex.o
                0x08001444                FLASH_Erase_Sector
 .text.FLASH_FlushCaches
                0x080014f4       0x8c Drivers/STM32F4xx_HAL_Driver/Src/stm32f4xx_hal_flash_ex.o
                0x080014f4                FLASH_FlushCaches
 .text.HAL_GPIO_Init
                0x08001580      0x354 Drivers/STM32F4xx_HAL_Driver/Src/stm32f4xx_hal_gpio.o
                0x08001580                HAL_GPIO_Init
 .text.HAL_GPIO_WritePin
                0x080018d4       0x32 Drivers/STM32F4xx_HAL_Driver/Src/stm32f4xx_hal_gpio.o
                0x080018d4                HAL_GPIO_WritePin
 .text.HAL_GPIO_TogglePin
                0x08001906       0x24 Drivers/STM32F4xx_HAL_Driver/Src/stm32f4xx_hal_gpio.o
                0x08001906                HAL_GPIO_TogglePin
 .text.HAL_IWDG_Init
                0x0800192a       0x72 Drivers/STM32F4xx_HAL_Driver/Src/stm32f4xx_hal_iwdg.o
                0x0800192a                HAL_IWDG_Init
 .text.HAL_IWDG_Refresh
                0x0800199c       0x20 Drivers/STM32F4xx_HAL_Driver/Src/stm32f4xx_hal_iwdg.o
                0x0800199c                HAL_IWDG_Refresh
 .text.HAL_RCC_OscConfig
                0x080019bc      0x4b4 Drivers/STM32F4xx_HAL_Driver/Src/stm32f4xx_hal_rcc.o
                0x080019bc                HAL_RCC_OscConfig
 .text.HAL_RCC_ClockConfig
                0x08001e70      0x224 Drivers/STM32F4xx_HAL_Driver/Src/stm32f4xx_hal_rcc.o
                0x08001e70                HAL_RCC_ClockConfig
 .text.HAL_RCC_GetSysClockFreq
                0x08002094       0xfc Drivers/STM32F4xx_HAL_Driver/Src/stm32f4xx_hal_rcc.o
                0x08002094                HAL_RCC_GetSysClockFreq
 .text.HAL_RCC_GetHCLKFreq
                0x08002190       0x18 Drivers/STM32F4xx_HAL_Driver/Src/stm32f4xx_hal_rcc.o
                0x08002190                HAL_RCC_GetHCLKFreq
 .text.HAL_RCC_GetPCLK1Freq
                0x080021a8       0x44 Drivers/STM32F4xx_HAL_Driver/Src/stm32f4xx_hal_rcc.o
                0x080021a8                HAL_RCC_GetPCLK1Freq
 .text.HAL_RCC_GetPCLK2Freq
                0x080021ec       0x44 Drivers/STM32F4xx_HAL_Driver/Src/stm32f4xx_hal_rcc.o
                0x080021ec                HAL_RCC_GetPCLK2Freq
 .text.HAL_RCC_GetClockConfig
                0x08002230       0x64 Drivers/STM32F4xx_HAL_Driver/Src/stm32f4xx_hal_rcc.o
                0x08002230                HAL_RCC_GetClockConfig
 .text.HAL_SPI_Init
                0x08002294       0xc6 Drivers/STM32F4xx_HAL_Driver/Src/stm32f4xx_hal_spi.o
                0x08002294                HAL_SPI_Init
 .text.HAL_SPI_Transmit
                0x0800235a      0x276 Drivers/STM32F4xx_HAL_Driver/Src/stm32f4xx_hal_spi.o
                0x0800235a                HAL_SPI_Transmit
 .text.HAL_SPI_Receive
                0x080025d0      0x21c Drivers/STM32F4xx_HAL_Driver/Src/stm32f4xx_hal_spi.o
                0x080025d0                HAL_SPI_Receive
 .text.HAL_SPI_TransmitReceive
                0x080027ec      0x33e Drivers/STM32F4xx_HAL_Driver/Src/stm32f4xx_hal_spi.o
                0x080027ec                HAL_SPI_TransmitReceive
 .text.SPI_WaitFlagStateUntilTimeout
                0x08002b2a       0xd2 Drivers/STM32F4xx_HAL_Driver/Src/stm32f4xx_hal_spi.o
 .text.SPI_CheckFlag_BSY
                0x08002bfc       0x3c Drivers/STM32F4xx_HAL_Driver/Src/stm32f4xx_hal_spi.o
 .text.HAL_TIM_Base_Init
                0x08002c38       0x56 Drivers/STM32F4xx_HAL_Driver/Src/stm32f4xx_hal_tim.o
                0x08002c38                HAL_TIM_Base_Init
 .text.HAL_TIM_Base_MspInit
                0x08002c8e       0x14 Drivers/STM32F4xx_HAL_Driver/Src/stm32f4xx_hal_tim.o
                0x08002c8e                HAL_TIM_Base_MspInit
 .text.HAL_TIM_Base_Start_IT
                0x08002ca2       0x36 Drivers/STM32F4xx_HAL_Driver/Src/stm32f4xx_hal_tim.o
                0x08002ca2                HAL_TIM_Base_Start_IT
 .text.HAL_TIM_IRQHandler
                0x08002cd8      0x210 Drivers/STM32F4xx_HAL_Driver/Src/stm32f4xx_hal_tim.o
                0x08002cd8                HAL_TIM_IRQHandler
 .text.HAL_TIM_OC_DelayElapsedCallback
                0x08002ee8       0x14 Drivers/STM32F4xx_HAL_Driver/Src/stm32f4xx_hal_tim.o
                0x08002ee8                HAL_TIM_OC_DelayElapsedCallback
 .text.HAL_TIM_IC_CaptureCallback
                0x08002efc       0x14 Drivers/STM32F4xx_HAL_Driver/Src/stm32f4xx_hal_tim.o
                0x08002efc                HAL_TIM_IC_CaptureCallback
 .text.HAL_TIM_PWM_PulseFinishedCallback
                0x08002f10       0x14 Drivers/STM32F4xx_HAL_Driver/Src/stm32f4xx_hal_tim.o
                0x08002f10                HAL_TIM_PWM_PulseFinishedCallback
 .text.HAL_TIM_TriggerCallback
                0x08002f24       0x14 Drivers/STM32F4xx_HAL_Driver/Src/stm32f4xx_hal_tim.o
                0x08002f24                HAL_TIM_TriggerCallback
 .text.TIM_Base_SetConfig
                0x08002f38      0x154 Drivers/STM32F4xx_HAL_Driver/Src/stm32f4xx_hal_tim.o
                0x08002f38                TIM_Base_SetConfig
 .text.HAL_TIMEx_CommutationCallback
                0x0800308c       0x14 Drivers/STM32F4xx_HAL_Driver/Src/stm32f4xx_hal_tim_ex.o
                0x0800308c                HAL_TIMEx_CommutationCallback
 .text.HAL_TIMEx_BreakCallback
                0x080030a0       0x14 Drivers/STM32F4xx_HAL_Driver/Src/stm32f4xx_hal_tim_ex.o
                0x080030a0                HAL_TIMEx_BreakCallback
 .text.HAL_UART_Init
                0x080030b4       0x9a Drivers/STM32F4xx_HAL_Driver/Src/stm32f4xx_hal_uart.o
                0x080030b4                HAL_UART_Init
 .text.HAL_UART_Transmit
                0x0800314e      0x130 Drivers/STM32F4xx_HAL_Driver/Src/stm32f4xx_hal_uart.o
                0x0800314e                HAL_UART_Transmit
 .text.HAL_UART_Receive_IT
                0x0800327e       0x9a Drivers/STM32F4xx_HAL_Driver/Src/stm32f4xx_hal_uart.o
                0x0800327e                HAL_UART_Receive_IT
 .text.HAL_UART_IRQHandler
                0x08003318      0x1f8 Drivers/STM32F4xx_HAL_Driver/Src/stm32f4xx_hal_uart.o
                0x08003318                HAL_UART_IRQHandler
 .text.HAL_UART_TxCpltCallback
                0x08003510       0x14 Drivers/STM32F4xx_HAL_Driver/Src/stm32f4xx_hal_uart.o
                0x08003510                HAL_UART_TxCpltCallback
 .text.HAL_UART_RxCpltCallback
                0x08003524       0x14 Drivers/STM32F4xx_HAL_Driver/Src/stm32f4xx_hal_uart.o
                0x08003524                HAL_UART_RxCpltCallback
 .text.HAL_UART_ErrorCallback
                0x08003538       0x14 Drivers/STM32F4xx_HAL_Driver/Src/stm32f4xx_hal_uart.o
                0x08003538                HAL_UART_ErrorCallback
 .text.UART_WaitOnFlagUntilTimeout
                0x0800354c       0x94 Drivers/STM32F4xx_HAL_Driver/Src/stm32f4xx_hal_uart.o
 .text.UART_EndRxTransfer
                0x080035e0       0x3c Drivers/STM32F4xx_HAL_Driver/Src/stm32f4xx_hal_uart.o
 .text.UART_DMAAbortOnError
                0x0800361c       0x28 Drivers/STM32F4xx_HAL_Driver/Src/stm32f4xx_hal_uart.o
 .text.UART_Transmit_IT
                0x08003644       0xaa Drivers/STM32F4xx_HAL_Driver/Src/stm32f4xx_hal_uart.o
 .text.UART_EndTransmit_IT
                0x080036ee       0x30 Drivers/STM32F4xx_HAL_Driver/Src/stm32f4xx_hal_uart.o
 .text.UART_Receive_IT
                0x0800371e       0xf2 Drivers/STM32F4xx_HAL_Driver/Src/stm32f4xx_hal_uart.o
 .text.UART_SetConfig
                0x08003810      0x438 Drivers/STM32F4xx_HAL_Driver/Src/stm32f4xx_hal_uart.o
 .text.makeFreeRtosPriority
                0x08003c48       0x30 Middlewares/Third_Party/FreeRTOS/Source/CMSIS_RTOS/cmsis_os.o
 .text.osKernelStart
                0x08003c78        0xe Middlewares/Third_Party/FreeRTOS/Source/CMSIS_RTOS/cmsis_os.o
                0x08003c78                osKernelStart
 .text.osThreadCreate
                0x08003c86       0x4e Middlewares/Third_Party/FreeRTOS/Source/CMSIS_RTOS/cmsis_os.o
                0x08003c86                osThreadCreate
 .text.osDelay  0x08003cd4       0x28 Middlewares/Third_Party/FreeRTOS/Source/CMSIS_RTOS/cmsis_os.o
                0x08003cd4                osDelay
 .text.osSystickHandler
                0x08003cfc       0x16 Middlewares/Third_Party/FreeRTOS/Source/CMSIS_RTOS/cmsis_os.o
                0x08003cfc                osSystickHandler
 .text.vListInitialise
                0x08003d12       0x40 Middlewares/Third_Party/FreeRTOS/Source/list.o
                0x08003d12                vListInitialise
 .text.vListInitialiseItem
                0x08003d52       0x1a Middlewares/Third_Party/FreeRTOS/Source/list.o
                0x08003d52                vListInitialiseItem
 .text.vListInsertEnd
                0x08003d6c       0x48 Middlewares/Third_Party/FreeRTOS/Source/list.o
                0x08003d6c                vListInsertEnd
 .text.vListInsert
                0x08003db4       0x72 Middlewares/Third_Party/FreeRTOS/Source/list.o
                0x08003db4                vListInsert
 .text.uxListRemove
                0x08003e26       0x54 Middlewares/Third_Party/FreeRTOS/Source/list.o
                0x08003e26                uxListRemove
 *fill*         0x08003e7a        0x2 
 .text.xQueueGenericReset
                0x08003e7c       0xd0 Middlewares/Third_Party/FreeRTOS/Source/queue.o
                0x08003e7c                xQueueGenericReset
 .text.xQueueGenericCreate
                0x08003f4c       0x72 Middlewares/Third_Party/FreeRTOS/Source/queue.o
                0x08003f4c                xQueueGenericCreate
 .text.prvInitialiseNewQueue
                0x08003fbe       0x3e Middlewares/Third_Party/FreeRTOS/Source/queue.o
 .text.prvInitialiseMutex
                0x08003ffc       0x34 Middlewares/Third_Party/FreeRTOS/Source/queue.o
 .text.xQueueCreateMutex
                0x08004030       0x30 Middlewares/Third_Party/FreeRTOS/Source/queue.o
                0x08004030                xQueueCreateMutex
 .text.xQueueGenericSend
                0x08004060      0x1f4 Middlewares/Third_Party/FreeRTOS/Source/queue.o
                0x08004060                xQueueGenericSend
 .text.xQueueGenericSendFromISR
                0x08004254      0x128 Middlewares/Third_Party/FreeRTOS/Source/queue.o
                0x08004254                xQueueGenericSendFromISR
 .text.xQueueGenericReceive
                0x0800437c      0x224 Middlewares/Third_Party/FreeRTOS/Source/queue.o
                0x0800437c                xQueueGenericReceive
 .text.prvCopyDataToQueue
                0x080045a0       0xd4 Middlewares/Third_Party/FreeRTOS/Source/queue.o
 .text.prvCopyDataFromQueue
                0x08004674       0x4c Middlewares/Third_Party/FreeRTOS/Source/queue.o
 .text.prvUnlockQueue
                0x080046c0       0xa4 Middlewares/Third_Party/FreeRTOS/Source/queue.o
 .text.prvIsQueueEmpty
                0x08004764       0x2c Middlewares/Third_Party/FreeRTOS/Source/queue.o
 .text.prvIsQueueFull
                0x08004790       0x30 Middlewares/Third_Party/FreeRTOS/Source/queue.o
 .text.xTaskCreate
                0x080047c0       0x82 Middlewares/Third_Party/FreeRTOS/Source/tasks.o
                0x080047c0                xTaskCreate
 .text.prvInitialiseNewTask
                0x08004842       0xfc Middlewares/Third_Party/FreeRTOS/Source/tasks.o
 *fill*         0x0800493e        0x2 
 .text.prvAddNewTaskToReadyList
                0x08004940       0xd4 Middlewares/Third_Party/FreeRTOS/Source/tasks.o
 .text.vTaskDelay
                0x08004a14       0x68 Middlewares/Third_Party/FreeRTOS/Source/tasks.o
                0x08004a14                vTaskDelay
 .text.vTaskStartScheduler
                0x08004a7c       0x8c Middlewares/Third_Party/FreeRTOS/Source/tasks.o
                0x08004a7c                vTaskStartScheduler
 .text.vTaskSuspendAll
                0x08004b08       0x1c Middlewares/Third_Party/FreeRTOS/Source/tasks.o
                0x08004b08                vTaskSuspendAll
 .text.xTaskResumeAll
                0x08004b24      0x138 Middlewares/Third_Party/FreeRTOS/Source/tasks.o
                0x08004b24                xTaskResumeAll
 .text.xTaskIncrementTick
                0x08004c5c      0x178 Middlewares/Third_Party/FreeRTOS/Source/tasks.o
                0x08004c5c                xTaskIncrementTick
 .text.vTaskSwitchContext
                0x08004dd4       0xb4 Middlewares/Third_Party/FreeRTOS/Source/tasks.o
                0x08004dd4                vTaskSwitchContext
 .text.vTaskPlaceOnEventList
                0x08004e88       0x48 Middlewares/Third_Party/FreeRTOS/Source/tasks.o
                0x08004e88                vTaskPlaceOnEventList
 .text.xTaskRemoveFromEventList
                0x08004ed0       0xc4 Middlewares/Third_Party/FreeRTOS/Source/tasks.o
                0x08004ed0                xTaskRemoveFromEventList
 .text.vTaskSetTimeOutState
                0x08004f94       0x48 Middlewares/Third_Party/FreeRTOS/Source/tasks.o
                0x08004f94                vTaskSetTimeOutState
 .text.xTaskCheckForTimeOut
                0x08004fdc       0xbc Middlewares/Third_Party/FreeRTOS/Source/tasks.o
                0x08004fdc                xTaskCheckForTimeOut
 .text.vTaskMissedYield
                0x08005098       0x18 Middlewares/Third_Party/FreeRTOS/Source/tasks.o
                0x08005098                vTaskMissedYield
 .text.prvIdleTask
                0x080050b0       0x30 Middlewares/Third_Party/FreeRTOS/Source/tasks.o
 .text.prvInitialiseTaskLists
                0x080050e0       0x80 Middlewares/Third_Party/FreeRTOS/Source/tasks.o
 .text.prvCheckTasksWaitingTermination
                0x08005160       0x78 Middlewares/Third_Party/FreeRTOS/Source/tasks.o
 .text.prvDeleteTCB
                0x080051d8       0x20 Middlewares/Third_Party/FreeRTOS/Source/tasks.o
 .text.prvResetNextTaskUnblockTime
                0x080051f8       0x4c Middlewares/Third_Party/FreeRTOS/Source/tasks.o
 .text.xTaskGetSchedulerState
                0x08005244       0x3c Middlewares/Third_Party/FreeRTOS/Source/tasks.o
                0x08005244                xTaskGetSchedulerState
 .text.vTaskPriorityInherit
                0x08005280       0xec Middlewares/Third_Party/FreeRTOS/Source/tasks.o
                0x08005280                vTaskPriorityInherit
 .text.xTaskPriorityDisinherit
                0x0800536c      0x108 Middlewares/Third_Party/FreeRTOS/Source/tasks.o
                0x0800536c                xTaskPriorityDisinherit
 .text.pvTaskIncrementMutexHeldCount
                0x08005474       0x28 Middlewares/Third_Party/FreeRTOS/Source/tasks.o
                0x08005474                pvTaskIncrementMutexHeldCount
 .text.prvAddCurrentTaskToDelayedList
                0x0800549c       0xcc Middlewares/Third_Party/FreeRTOS/Source/tasks.o
 .text.pxPortInitialiseStack
                0x08005568       0x68 Middlewares/Third_Party/FreeRTOS/Source/portable/GCC/ARM_CM4F/port.o
                0x08005568                pxPortInitialiseStack
 .text.prvTaskExitError
                0x080055d0       0x3c Middlewares/Third_Party/FreeRTOS/Source/portable/GCC/ARM_CM4F/port.o
 *fill*         0x0800560c        0x4 
 .text.SVC_Handler
                0x08005610       0x28 Middlewares/Third_Party/FreeRTOS/Source/portable/GCC/ARM_CM4F/port.o
                0x08005610                SVC_Handler
 .text.prvPortStartFirstTask
                0x08005638       0x20 Middlewares/Third_Party/FreeRTOS/Source/portable/GCC/ARM_CM4F/port.o
 .text.xPortStartScheduler
                0x08005658      0x118 Middlewares/Third_Party/FreeRTOS/Source/portable/GCC/ARM_CM4F/port.o
                0x08005658                xPortStartScheduler
 .text.vPortEnterCritical
                0x08005770       0x5c Middlewares/Third_Party/FreeRTOS/Source/portable/GCC/ARM_CM4F/port.o
                0x08005770                vPortEnterCritical
 .text.vPortExitCritical
                0x080057cc       0x50 Middlewares/Third_Party/FreeRTOS/Source/portable/GCC/ARM_CM4F/port.o
                0x080057cc                vPortExitCritical
 *fill*         0x0800581c        0x4 
 .text.PendSV_Handler
                0x08005820       0x68 Middlewares/Third_Party/FreeRTOS/Source/portable/GCC/ARM_CM4F/port.o
                0x08005820                PendSV_Handler
 .text.xPortSysTickHandler
                0x08005888       0x40 Middlewares/Third_Party/FreeRTOS/Source/portable/GCC/ARM_CM4F/port.o
                0x08005888                xPortSysTickHandler
 .text.vPortSetupTimerInterrupt
                0x080058c8       0x38 Middlewares/Third_Party/FreeRTOS/Source/portable/GCC/ARM_CM4F/port.o
                0x080058c8                vPortSetupTimerInterrupt
 .text.vPortEnableVFP
                0x08005900       0x14 Middlewares/Third_Party/FreeRTOS/Source/portable/GCC/ARM_CM4F/port.o
 .text.vPortValidateInterruptPriority
                0x08005914       0x7c Middlewares/Third_Party/FreeRTOS/Source/portable/GCC/ARM_CM4F/port.o
                0x08005914                vPortValidateInterruptPriority
 .text.pvPortMalloc
                0x08005990      0x184 Middlewares/Third_Party/FreeRTOS/Source/portable/MemMang/heap_4.o
                0x08005990                pvPortMalloc
 .text.vPortFree
                0x08005b14       0xb0 Middlewares/Third_Party/FreeRTOS/Source/portable/MemMang/heap_4.o
                0x08005b14                vPortFree
 .text.prvHeapInit
                0x08005bc4       0xc4 Middlewares/Third_Party/FreeRTOS/Source/portable/MemMang/heap_4.o
 .text.prvInsertBlockIntoFreeList
                0x08005c88       0xb4 Middlewares/Third_Party/FreeRTOS/Source/portable/MemMang/heap_4.o
 .text.setCtrlState
                0x08005d3c       0x34 Src/ControlTask/ControlTask.o
                0x08005d3c                setCtrlState
 .text.setCtrlParam
                0x08005d70       0x50 Src/ControlTask/ControlTask.o
                0x08005d70                setCtrlParam
 .text.getCtrlParam
                0x08005dc0       0x64 Src/ControlTask/ControlTask.o
                0x08005dc0                getCtrlParam
 .text.set_mass_pos
                0x08005e24       0x38 Src/ControlTask/ControlTask.o
                0x08005e24                set_mass_pos
 *fill*         0x08005e5c        0x4 
 .text.set_tilt
                0x08005e60      0x254 Src/ControlTask/ControlTask.o
                0x08005e60                set_tilt
 .text.set_course
                0x080060b4       0x80 Src/ControlTask/ControlTask.o
                0x080060b4                set_course
 .text.StartControlTask
                0x08006134      0x134 Src/ControlTask/ControlTask.o
                0x08006134                StartControlTask
 .text.EepromSetParam
                0x08006268       0x34 Src/Eeprom/EepromTask.o
                0x08006268                EepromSetParam
 .text.prgmByte
                0x0800629c       0x32 Src/Eeprom/EepromTask.o
                0x0800629c                prgmByte
 .text.prgmBytes
                0x080062ce       0x46 Src/Eeprom/EepromTask.o
                0x080062ce                prgmBytes
 .text.readBytes
                0x08006314       0x42 Src/Eeprom/EepromTask.o
                0x08006314                readBytes
 .text.eraseSect23
                0x08006356       0x32 Src/Eeprom/EepromTask.o
                0x08006356                eraseSect23
 .text.StartEepromTask
                0x08006388      0x320 Src/Eeprom/EepromTask.o
                0x08006388                StartEepromTask
 .text.UART4_IRQHandler
                0x080066a8       0x34 Src/GPSTask/GPSTask.o
                0x080066a8                UART4_IRQHandler
 .text.getGPSData
                0x080066dc       0x64 Src/GPSTask/GPSTask.o
                0x080066dc                getGPSData
 .text.ParseRMC
                0x08006740      0x2ec Src/GPSTask/GPSTask.o
                0x08006740                ParseRMC
 .text.PrepBuff
                0x08006a2c       0x9c Src/GPSTask/GPSTask.o
                0x08006a2c                PrepBuff
 .text.GPSInterPreter
                0x08006ac8      0x138 Src/GPSTask/GPSTask.o
                0x08006ac8                GPSInterPreter
 .text.StartGPSTask
                0x08006c00      0x148 Src/GPSTask/GPSTask.o
                0x08006c00                StartGPSTask
 .text.EasyObjectDictionary_Get_MaxSize
                0x08006d48       0x68 Src/IMUTask/EasyProfile/EasyObjectDictionary.o
                0x08006d48                EasyObjectDictionary_Get_MaxSize
 .text.EasyObjectDictionary_Write
                0x08006db0      0x254 Src/IMUTask/EasyProfile/EasyObjectDictionary.o
                0x08006db0                EasyObjectDictionary_Write
 .text.EasyProfile_C_Interface_Init
                0x08007004       0x20 Src/IMUTask/EasyProfile/EasyProfile.o
                0x08007004                EasyProfile_C_Interface_Init
 .text.EasyProfile_C_Interface_TX_Request
                0x08007024       0x70 Src/IMUTask/EasyProfile/EasyProfile.o
                0x08007024                EasyProfile_C_Interface_TX_Request
 .text.EasyProfile_C_Interface_RX
                0x08007094       0x86 Src/IMUTask/EasyProfile/EasyProfile.o
                0x08007094                EasyProfile_C_Interface_RX
 *fill*         0x0800711a        0x2 
 .text.EasyProtocol_Construct
                0x0800711c      0x130 Src/IMUTask/EasyProfile/EasyProtocol.o
                0x0800711c                EasyProtocol_Construct
 .text.EasyProtocol_Init
                0x0800724c      0x190 Src/IMUTask/EasyProfile/EasyProtocol.o
                0x0800724c                EasyProtocol_Init
 .text.EasyProtocol_SetChecksumOption
                0x080073dc       0x44 Src/IMUTask/EasyProfile/EasyProtocol.o
                0x080073dc                EasyProtocol_SetChecksumOption
 .text.EasyProtocol_CreateOutputPackage
                0x08007420      0x1c4 Src/IMUTask/EasyProfile/EasyProtocol.o
                0x08007420                EasyProtocol_CreateOutputPackage
 .text.EasyProtocol_Checksum_Generate
                0x080075e4       0xb0 Src/IMUTask/EasyProfile/EasyProtocol.o
 .text.EasyProtocol_Checksum_Verify
                0x08007694       0x44 Src/IMUTask/EasyProfile/EasyProtocol.o
 .text.EasyProtocol_UnWrapInData
                0x080076d8       0xc4 Src/IMUTask/EasyProfile/EasyProtocol.o
 .text.EasyProtocol_AssembleInputPackage
                0x0800779c      0x380 Src/IMUTask/EasyProfile/EasyProtocol.o
                0x0800779c                EasyProtocol_AssembleInputPackage
 .text.vPortRealloc
                0x08007b1c       0x66 Src/IMUTask/EasyProfile/EasyQueue.o
                0x08007b1c                vPortRealloc
 *fill*         0x08007b82        0x2 
 .text.EasyQueue_Construct
                0x08007b84       0x50 Src/IMUTask/EasyProfile/EasyQueue.o
                0x08007b84                EasyQueue_Construct
 .text.EasyQueue_Resize
                0x08007bd4       0x60 Src/IMUTask/EasyProfile/EasyQueue.o
                0x08007bd4                EasyQueue_Resize
 .text.EasyQueue_Size
                0x08007c34       0x18 Src/IMUTask/EasyProfile/EasyQueue.o
                0x08007c34                EasyQueue_Size
 .text.EasyQueue_Push
                0x08007c4c       0x80 Src/IMUTask/EasyProfile/EasyQueue.o
                0x08007c4c                EasyQueue_Push
 .text.EasyQueue_Empty
                0x08007ccc       0x28 Src/IMUTask/EasyProfile/EasyQueue.o
                0x08007ccc                EasyQueue_Empty
 .text.EasyQueue_Front
                0x08007cf4       0x24 Src/IMUTask/EasyProfile/EasyQueue.o
                0x08007cf4                EasyQueue_Front
 .text.EasyQueue_Pop
                0x08007d18       0x38 Src/IMUTask/EasyProfile/EasyQueue.o
                0x08007d18                EasyQueue_Pop
 .text.initIMU  0x08007d50        0xc Src/IMUTask/IMU.o
                0x08007d50                initIMU
 .text.IMU_SetNorth
                0x08007d5c       0x20 Src/IMUTask/IMU.o
                0x08007d5c                IMU_SetNorth
 .text.IMU_getYawOffset
                0x08007d7c       0x1c Src/IMUTask/IMU.o
                0x08007d7c                IMU_getYawOffset
 .text.IMU_setYawOffset
                0x08007d98       0x20 Src/IMUTask/IMU.o
                0x08007d98                IMU_setYawOffset
 .text.request  0x08007db8       0x38 Src/IMUTask/IMU.o
                0x08007db8                request
 .text.SerialPort_DataReceive
                0x08007df0      0x148 Src/IMUTask/IMU.o
                0x08007df0                SerialPort_DataReceive
 .text.UART5_IRQHandler
                0x08007f38       0x34 Src/IMUTask/IMUTask.o
                0x08007f38                UART5_IRQHandler
 .text.getIMUData
                0x08007f6c       0x24 Src/IMUTask/IMUTask.o
                0x08007f6c                getIMUData
 .text.StartIMUTask
                0x08007f90       0x88 Src/IMUTask/IMUTask.o
                0x08007f90                StartIMUTask
 .text.UartSend
                0x08008018       0x34 Src/IMUTask/IMUTask.o
                0x08008018                UartSend
 .text.UART7_IRQHandler
                0x0800804c       0xa0 Src/RemoteTask/RemoteTask.o
                0x0800804c                UART7_IRQHandler
 .text.doConfig
                0x080080ec       0xb8 Src/RemoteTask/RemoteTask.o
                0x080080ec                doConfig
 .text.remoteSetParameter
                0x080081a4      0x2d4 Src/RemoteTask/RemoteTask.o
                0x080081a4                remoteSetParameter
 .text.GetId    0x08008478      0x368 Src/RemoteTask/RemoteTask.o
                0x08008478                GetId
 .text.SetId    0x080087e0       0x52 Src/RemoteTask/RemoteTask.o
                0x080087e0                SetId
 *fill*         0x08008832        0x2 
 .text.SendMsg  0x08008834       0x5c Src/RemoteTask/RemoteTask.o
                0x08008834                SendMsg
 .text.getCRC   0x08008890       0x38 Src/RemoteTask/RemoteTask.o
                0x08008890                getCRC
 .text.ProcessMsg
                0x080088c8       0x56 Src/RemoteTask/RemoteTask.o
                0x080088c8                ProcessMsg
 *fill*         0x0800891e        0x2 
 .text.StartRemoteTask
                0x08008920      0x108 Src/RemoteTask/RemoteTask.o
                0x08008920                StartRemoteTask
 .text.SPI_getPosition
                0x08008a28       0x80 Src/SPITask/SPITask.o
                0x08008a28                SPI_getPosition
 .text.SPI_getMotParam
                0x08008aa8       0x2c Src/SPITask/SPITask.o
                0x08008aa8                SPI_getMotParam
 .text.SPI_setMotParam
                0x08008ad4       0x2c Src/SPITask/SPITask.o
                0x08008ad4                SPI_setMotParam
 .text.SPI_setPosition
                0x08008b00       0x84 Src/SPITask/SPITask.o
                0x08008b00                SPI_setPosition
 .text.calcPID  0x08008b84      0x114 Src/SPITask/SPITask.o
                0x08008b84                calcPID
 .text.convertPIDVal
                0x08008c98       0x88 Src/SPITask/SPITask.o
                0x08008c98                convertPIDVal
 .text.CalcCRC  0x08008d20       0x38 Src/SPITask/SPITask.o
                0x08008d20                CalcCRC
 .text.MotCtrlSendRecv
                0x08008d58      0x134 Src/SPITask/SPITask.o
                0x08008d58                MotCtrlSendRecv
 .text.SPI_startCalibrate
                0x08008e8c       0x18 Src/SPITask/SPITask.o
                0x08008e8c                SPI_startCalibrate
 .text.Calibrate
                0x08008ea4       0xd4 Src/SPITask/SPITask.o
                0x08008ea4                Calibrate
 .text.StartSPITask
                0x08008f78      0x110 Src/SPITask/SPITask.o
                0x08008f78                StartSPITask
 .text.USART2_IRQHandler
                0x08009088       0x34 Src/WindTask/WindTask.o
                0x08009088                USART2_IRQHandler
 .text.getWindSensorData
                0x080090bc       0x70 Src/WindTask/WindTask.o
                0x080090bc                getWindSensorData
 .text.windInterPreter
                0x0800912c      0x1e0 Src/WindTask/WindTask.o
                0x0800912c                windInterPreter
 .text.StartWindTask
                0x0800930c      0x11c Src/WindTask/WindTask.o
                0x0800930c                StartWindTask
 .text.StartDebugTask
                0x08009428       0xbc Src/debug/debug.o
                0x08009428                StartDebugTask
 .text.MX_FREERTOS_Init
                0x080094e4      0x184 Src/freertos.o
                0x080094e4                MX_FREERTOS_Init
 .text.MX_GPIO_Init
                0x08009668      0x25c Src/gpio.o
                0x08009668                MX_GPIO_Init
 .text.MX_IWDG_Init
                0x080098c4       0x3c Src/iwdg.o
                0x080098c4                MX_IWDG_Init
 .text.main     0x08009900       0x1e Src/main.o
                0x08009900                main
 *fill*         0x0800991e        0x2 
 .text.SystemClock_Config
                0x08009920       0xd8 Src/main.o
                0x08009920                SystemClock_Config
 .text.HAL_TIM_PeriodElapsedCallback
                0x080099f8       0x24 Src/main.o
                0x080099f8                HAL_TIM_PeriodElapsedCallback
 .text._Error_Handler
                0x08009a1c        0xc Src/main.o
                0x08009a1c                _Error_Handler
 .text.MX_SPI1_Init
                0x08009a28       0x74 Src/spi.o
                0x08009a28                MX_SPI1_Init
 .text.HAL_SPI_MspInit
                0x08009a9c       0x88 Src/spi.o
                0x08009a9c                HAL_SPI_MspInit
 .text.HAL_MspInit
                0x08009b24       0x62 Src/stm32f4xx_hal_msp.o
                0x08009b24                HAL_MspInit
 *fill*         0x08009b86        0x2 
 .text.HAL_InitTick
                0x08009b88       0xb0 Src/stm32f4xx_hal_timebase_TIM.o
                0x08009b88                HAL_InitTick
 .text.SysTick_Handler
                0x08009c38        0xc Src/stm32f4xx_it.o
                0x08009c38                SysTick_Handler
 .text.TIM1_UP_TIM10_IRQHandler
                0x08009c44       0x14 Src/stm32f4xx_it.o
                0x08009c44                TIM1_UP_TIM10_IRQHandler
 .text._sbrk    0x08009c58       0x58 Src/syscalls.o
                0x08009c58                _sbrk
 .text.SystemInit
                0x08009cb0       0x6c Src/system_stm32f4xx.o
                0x08009cb0                SystemInit
 .text.MX_UART4_Init
                0x08009d1c       0x5c Src/usart.o
                0x08009d1c                MX_UART4_Init
 .text.MX_UART5_Init
                0x08009d78       0x5c Src/usart.o
                0x08009d78                MX_UART5_Init
 .text.MX_UART7_Init
                0x08009dd4       0x5c Src/usart.o
                0x08009dd4                MX_UART7_Init
 .text.MX_USART2_UART_Init
                0x08009e30       0x5c Src/usart.o
                0x08009e30                MX_USART2_UART_Init
 .text.MX_USART3_UART_Init
                0x08009e8c       0x5c Src/usart.o
                0x08009e8c                MX_USART3_UART_Init
 .text.HAL_UART_MspInit
                0x08009ee8      0x204 Src/usart.o
                0x08009ee8                HAL_UART_MspInit
 .text.StartIwdgTask
                0x0800a0ec       0x20 Src/iwdgTask/iwdgTask.o
                0x0800a0ec                StartIwdgTask
 .text.Reset_Handler
                0x0800a10c       0x50 startup/startup_stm32f429xx.o
                0x0800a10c                Reset_Handler
 .text.Default_Handler
                0x0800a15c        0x2 startup/startup_stm32f429xx.o
                0x0800a15c                RTC_Alarm_IRQHandler
                0x0800a15c                HASH_RNG_IRQHandler
                0x0800a15c                EXTI2_IRQHandler
                0x0800a15c                TIM8_CC_IRQHandler
                0x0800a15c                DebugMon_Handler
                0x0800a15c                UART8_IRQHandler
                0x0800a15c                SPI4_IRQHandler
                0x0800a15c                TIM1_CC_IRQHandler
                0x0800a15c                DMA2_Stream5_IRQHandler
                0x0800a15c                HardFault_Handler
                0x0800a15c                DMA1_Stream5_IRQHandler
                0x0800a15c                PVD_IRQHandler
                0x0800a15c                SDIO_IRQHandler
                0x0800a15c                TAMP_STAMP_IRQHandler
                0x0800a15c                NMI_Handler
                0x0800a15c                CAN2_RX1_IRQHandler
                0x0800a15c                EXTI3_IRQHandler
                0x0800a15c                TIM8_TRG_COM_TIM14_IRQHandler
                0x0800a15c                TIM8_UP_TIM13_IRQHandler
                0x0800a15c                I2C3_ER_IRQHandler
                0x0800a15c                EXTI0_IRQHandler
                0x0800a15c                I2C2_EV_IRQHandler
                0x0800a15c                DMA1_Stream2_IRQHandler
                0x0800a15c                CAN1_RX0_IRQHandler
                0x0800a15c                FPU_IRQHandler
                0x0800a15c                OTG_HS_WKUP_IRQHandler
                0x0800a15c                UsageFault_Handler
                0x0800a15c                LTDC_ER_IRQHandler
                0x0800a15c                CAN2_SCE_IRQHandler
                0x0800a15c                DMA2_Stream2_IRQHandler
                0x0800a15c                SPI1_IRQHandler
                0x0800a15c                TIM6_DAC_IRQHandler
                0x0800a15c                TIM1_BRK_TIM9_IRQHandler
                0x0800a15c                DCMI_IRQHandler
                0x0800a15c                CAN2_RX0_IRQHandler
                0x0800a15c                DMA2_Stream3_IRQHandler
                0x0800a15c                USART6_IRQHandler
                0x0800a15c                USART3_IRQHandler
                0x0800a15c                CAN1_RX1_IRQHandler
                0x0800a15c                DMA2_Stream0_IRQHandler
                0x0800a15c                TIM4_IRQHandler
                0x0800a15c                I2C1_EV_IRQHandler
                0x0800a15c                DMA1_Stream6_IRQHandler
                0x0800a15c                DMA1_Stream1_IRQHandler
                0x0800a15c                TIM3_IRQHandler
                0x0800a15c                RCC_IRQHandler
                0x0800a15c                TIM8_BRK_TIM12_IRQHandler
                0x0800a15c                Default_Handler
                0x0800a15c                EXTI15_10_IRQHandler
                0x0800a15c                ADC_IRQHandler
                0x0800a15c                DMA1_Stream7_IRQHandler
                0x0800a15c                SPI5_IRQHandler
                0x0800a15c                TIM7_IRQHandler
                0x0800a15c                CAN2_TX_IRQHandler
                0x0800a15c                TIM5_IRQHandler
                0x0800a15c                DMA2_Stream7_IRQHandler
                0x0800a15c                I2C3_EV_IRQHandler
                0x0800a15c                EXTI9_5_IRQHandler
                0x0800a15c                RTC_WKUP_IRQHandler
                0x0800a15c                LTDC_IRQHandler
                0x0800a15c                ETH_WKUP_IRQHandler
                0x0800a15c                SPI2_IRQHandler
                0x0800a15c                OTG_HS_EP1_IN_IRQHandler
                0x0800a15c                MemManage_Handler
                0x0800a15c                DMA1_Stream0_IRQHandler
                0x0800a15c                CAN1_TX_IRQHandler
                0x0800a15c                EXTI4_IRQHandler
                0x0800a15c                ETH_IRQHandler
                0x0800a15c                OTG_HS_EP1_OUT_IRQHandler
                0x0800a15c                WWDG_IRQHandler
                0x0800a15c                SPI6_IRQHandler
                0x0800a15c                TIM2_IRQHandler
                0x0800a15c                OTG_FS_WKUP_IRQHandler
                0x0800a15c                TIM1_TRG_COM_TIM11_IRQHandler
                0x0800a15c                OTG_HS_IRQHandler
                0x0800a15c                DMA2D_IRQHandler
                0x0800a15c                EXTI1_IRQHandler
                0x0800a15c                I2C2_ER_IRQHandler
                0x0800a15c                DMA2_Stream1_IRQHandler
                0x0800a15c                CAN1_SCE_IRQHandler
                0x0800a15c                FLASH_IRQHandler
                0x0800a15c                DMA2_Stream4_IRQHandler
                0x0800a15c                BusFault_Handler
                0x0800a15c                USART1_IRQHandler
                0x0800a15c                OTG_FS_IRQHandler
                0x0800a15c                SPI3_IRQHandler
                0x0800a15c                DMA1_Stream4_IRQHandler
                0x0800a15c                I2C1_ER_IRQHandler
                0x0800a15c                FMC_IRQHandler
                0x0800a15c                DMA2_Stream6_IRQHandler
                0x0800a15c                SAI1_IRQHandler
                0x0800a15c                DMA1_Stream3_IRQHandler
 *fill*         0x0800a15e        0x2 
 .text.atan2    0x0800a160        0x4 c:/ac6/systemworkbench/plugins/fr.ac6.mcu.externaltools.arm-none.win32_1.15.0.201708311556/tools/compiler/bin/../lib/gcc/arm-none-eabi/6.3.1/../../../../arm-none-eabi/lib/thumb/v7e-m/fpv4-sp/hard\libm.a(lib_a-w_atan2.o)
                0x0800a160                atan2
 *fill*         0x0800a164        0x4 
 .text.__ieee754_atan2
                0x0800a168      0x1c4 c:/ac6/systemworkbench/plugins/fr.ac6.mcu.externaltools.arm-none.win32_1.15.0.201708311556/tools/compiler/bin/../lib/gcc/arm-none-eabi/6.3.1/../../../../arm-none-eabi/lib/thumb/v7e-m/fpv4-sp/hard\libm.a(lib_a-e_atan2.o)
                0x0800a168                __ieee754_atan2
 *fill*         0x0800a32c        0x4 
 .text.atan     0x0800a330      0x368 c:/ac6/systemworkbench/plugins/fr.ac6.mcu.externaltools.arm-none.win32_1.15.0.201708311556/tools/compiler/bin/../lib/gcc/arm-none-eabi/6.3.1/../../../../arm-none-eabi/lib/thumb/v7e-m/fpv4-sp/hard\libm.a(lib_a-s_atan.o)
                0x0800a330                atan
 .text.fabs     0x0800a698       0x10 c:/ac6/systemworkbench/plugins/fr.ac6.mcu.externaltools.arm-none.win32_1.15.0.201708311556/tools/compiler/bin/../lib/gcc/arm-none-eabi/6.3.1/../../../../arm-none-eabi/lib/thumb/v7e-m/fpv4-sp/hard\libm.a(lib_a-s_fabs.o)
                0x0800a698                fabs
 .text.__errno  0x0800a6a8        0xc c:/ac6/systemworkbench/plugins/fr.ac6.mcu.externaltools.arm-none.win32_1.15.0.201708311556/tools/compiler/bin/../lib/gcc/arm-none-eabi/6.3.1/../../../../arm-none-eabi/lib/thumb/v7e-m/fpv4-sp/hard\libc_nano.a(lib_a-errno.o)
                0x0800a6a8                __errno
 .text.__libc_init_array
                0x0800a6b4       0x48 c:/ac6/systemworkbench/plugins/fr.ac6.mcu.externaltools.arm-none.win32_1.15.0.201708311556/tools/compiler/bin/../lib/gcc/arm-none-eabi/6.3.1/../../../../arm-none-eabi/lib/thumb/v7e-m/fpv4-sp/hard\libc_nano.a(lib_a-init.o)
                0x0800a6b4                __libc_init_array
 .text.__locale_ctype_ptr
                0x0800a6fc       0x1c c:/ac6/systemworkbench/plugins/fr.ac6.mcu.externaltools.arm-none.win32_1.15.0.201708311556/tools/compiler/bin/../lib/gcc/arm-none-eabi/6.3.1/../../../../arm-none-eabi/lib/thumb/v7e-m/fpv4-sp/hard\libc_nano.a(lib_a-locale.o)
                0x0800a6fc                __locale_ctype_ptr
 .text.malloc   0x0800a718       0x10 c:/ac6/systemworkbench/plugins/fr.ac6.mcu.externaltools.arm-none.win32_1.15.0.201708311556/tools/compiler/bin/../lib/gcc/arm-none-eabi/6.3.1/../../../../arm-none-eabi/lib/thumb/v7e-m/fpv4-sp/hard\libc_nano.a(lib_a-malloc.o)
                0x0800a718                malloc
 .text.free     0x0800a728       0x10 c:/ac6/systemworkbench/plugins/fr.ac6.mcu.externaltools.arm-none.win32_1.15.0.201708311556/tools/compiler/bin/../lib/gcc/arm-none-eabi/6.3.1/../../../../arm-none-eabi/lib/thumb/v7e-m/fpv4-sp/hard\libc_nano.a(lib_a-malloc.o)
                0x0800a728                free
 .text.__ascii_mbtowc
                0x0800a738       0x24 c:/ac6/systemworkbench/plugins/fr.ac6.mcu.externaltools.arm-none.win32_1.15.0.201708311556/tools/compiler/bin/../lib/gcc/arm-none-eabi/6.3.1/../../../../arm-none-eabi/lib/thumb/v7e-m/fpv4-sp/hard\libc_nano.a(lib_a-mbtowc_r.o)
                0x0800a738                __ascii_mbtowc
 .text.memcpy   0x0800a75c       0x16 c:/ac6/systemworkbench/plugins/fr.ac6.mcu.externaltools.arm-none.win32_1.15.0.201708311556/tools/compiler/bin/../lib/gcc/arm-none-eabi/6.3.1/../../../../arm-none-eabi/lib/thumb/v7e-m/fpv4-sp/hard\libc_nano.a(lib_a-memcpy-stub.o)
                0x0800a75c                memcpy
 .text.memset   0x0800a772       0x10 c:/ac6/systemworkbench/plugins/fr.ac6.mcu.externaltools.arm-none.win32_1.15.0.201708311556/tools/compiler/bin/../lib/gcc/arm-none-eabi/6.3.1/../../../../arm-none-eabi/lib/thumb/v7e-m/fpv4-sp/hard\libc_nano.a(lib_a-memset.o)
                0x0800a772                memset
 *fill*         0x0800a782        0x2 
 .text._free_r  0x0800a784       0x9c c:/ac6/systemworkbench/plugins/fr.ac6.mcu.externaltools.arm-none.win32_1.15.0.201708311556/tools/compiler/bin/../lib/gcc/arm-none-eabi/6.3.1/../../../../arm-none-eabi/lib/thumb/v7e-m/fpv4-sp/hard\libc_nano.a(lib_a-nano-freer.o)
                0x0800a784                _free_r
 .text._malloc_r
                0x0800a820       0xbc c:/ac6/systemworkbench/plugins/fr.ac6.mcu.externaltools.arm-none.win32_1.15.0.201708311556/tools/compiler/bin/../lib/gcc/arm-none-eabi/6.3.1/../../../../arm-none-eabi/lib/thumb/v7e-m/fpv4-sp/hard\libc_nano.a(lib_a-nano-mallocr.o)
                0x0800a820                _malloc_r
 .text._sbrk_r  0x0800a8dc       0x20 c:/ac6/systemworkbench/plugins/fr.ac6.mcu.externaltools.arm-none.win32_1.15.0.201708311556/tools/compiler/bin/../lib/gcc/arm-none-eabi/6.3.1/../../../../arm-none-eabi/lib/thumb/v7e-m/fpv4-sp/hard\libc_nano.a(lib_a-sbrkr.o)
                0x0800a8dc                _sbrk_r
 .text.strncmp  0x0800a8fc       0x24 c:/ac6/systemworkbench/plugins/fr.ac6.mcu.externaltools.arm-none.win32_1.15.0.201708311556/tools/compiler/bin/../lib/gcc/arm-none-eabi/6.3.1/../../../../arm-none-eabi/lib/thumb/v7e-m/fpv4-sp/hard\libc_nano.a(lib_a-strncmp.o)
                0x0800a8fc                strncmp
 .text.unlikely.sulp
                0x0800a920       0x38 c:/ac6/systemworkbench/plugins/fr.ac6.mcu.externaltools.arm-none.win32_1.15.0.201708311556/tools/compiler/bin/../lib/gcc/arm-none-eabi/6.3.1/../../../../arm-none-eabi/lib/thumb/v7e-m/fpv4-sp/hard\libc_nano.a(lib_a-strtod.o)
 .text._strtod_l
                0x0800a958      0xbd8 c:/ac6/systemworkbench/plugins/fr.ac6.mcu.externaltools.arm-none.win32_1.15.0.201708311556/tools/compiler/bin/../lib/gcc/arm-none-eabi/6.3.1/../../../../arm-none-eabi/lib/thumb/v7e-m/fpv4-sp/hard\libc_nano.a(lib_a-strtod.o)
                0x0800a958                _strtod_l
 .text.strtof   0x0800b530       0xa8 c:/ac6/systemworkbench/plugins/fr.ac6.mcu.externaltools.arm-none.win32_1.15.0.201708311556/tools/compiler/bin/../lib/gcc/arm-none-eabi/6.3.1/../../../../arm-none-eabi/lib/thumb/v7e-m/fpv4-sp/hard\libc_nano.a(lib_a-strtod.o)
                0x0800b530                strtof
 .text.__strtok_r
                0x0800b5d8       0x52 c:/ac6/systemworkbench/plugins/fr.ac6.mcu.externaltools.arm-none.win32_1.15.0.201708311556/tools/compiler/bin/../lib/gcc/arm-none-eabi/6.3.1/../../../../arm-none-eabi/lib/thumb/v7e-m/fpv4-sp/hard\libc_nano.a(lib_a-strtok_r.o)
                0x0800b5d8                __strtok_r
 .text.strtok_r
                0x0800b62a        0x6 c:/ac6/systemworkbench/plugins/fr.ac6.mcu.externaltools.arm-none.win32_1.15.0.201708311556/tools/compiler/bin/../lib/gcc/arm-none-eabi/6.3.1/../../../../arm-none-eabi/lib/thumb/v7e-m/fpv4-sp/hard\libc_nano.a(lib_a-strtok_r.o)
                0x0800b62a                strtok_r
 .text.__ascii_wctomb
                0x0800b630       0x1a c:/ac6/systemworkbench/plugins/fr.ac6.mcu.externaltools.arm-none.win32_1.15.0.201708311556/tools/compiler/bin/../lib/gcc/arm-none-eabi/6.3.1/../../../../arm-none-eabi/lib/thumb/v7e-m/fpv4-sp/hard\libc_nano.a(lib_a-wctomb_r.o)
                0x0800b630                __ascii_wctomb
 .text.rshift   0x0800b64a       0x6a c:/ac6/systemworkbench/plugins/fr.ac6.mcu.externaltools.arm-none.win32_1.15.0.201708311556/tools/compiler/bin/../lib/gcc/arm-none-eabi/6.3.1/../../../../arm-none-eabi/lib/thumb/v7e-m/fpv4-sp/hard\libc_nano.a(lib_a-gdtoa-gethex.o)
 .text.__hexdig_fun
                0x0800b6b4       0x2a c:/ac6/systemworkbench/plugins/fr.ac6.mcu.externaltools.arm-none.win32_1.15.0.201708311556/tools/compiler/bin/../lib/gcc/arm-none-eabi/6.3.1/../../../../arm-none-eabi/lib/thumb/v7e-m/fpv4-sp/hard\libc_nano.a(lib_a-gdtoa-gethex.o)
                0x0800b6b4                __hexdig_fun
 .text.__gethex
                0x0800b6de      0x43c c:/ac6/systemworkbench/plugins/fr.ac6.mcu.externaltools.arm-none.win32_1.15.0.201708311556/tools/compiler/bin/../lib/gcc/arm-none-eabi/6.3.1/../../../../arm-none-eabi/lib/thumb/v7e-m/fpv4-sp/hard\libc_nano.a(lib_a-gdtoa-gethex.o)
                0x0800b6de                __gethex
 .text.L_shift  0x0800bb1a       0x24 c:/ac6/systemworkbench/plugins/fr.ac6.mcu.externaltools.arm-none.win32_1.15.0.201708311556/tools/compiler/bin/../lib/gcc/arm-none-eabi/6.3.1/../../../../arm-none-eabi/lib/thumb/v7e-m/fpv4-sp/hard\libc_nano.a(lib_a-gdtoa-hexnan.o)
 .text.__match  0x0800bb3e       0x26 c:/ac6/systemworkbench/plugins/fr.ac6.mcu.externaltools.arm-none.win32_1.15.0.201708311556/tools/compiler/bin/../lib/gcc/arm-none-eabi/6.3.1/../../../../arm-none-eabi/lib/thumb/v7e-m/fpv4-sp/hard\libc_nano.a(lib_a-gdtoa-hexnan.o)
                0x0800bb3e                __match
 .text.__hexnan
                0x0800bb64      0x120 c:/ac6/systemworkbench/plugins/fr.ac6.mcu.externaltools.arm-none.win32_1.15.0.201708311556/tools/compiler/bin/../lib/gcc/arm-none-eabi/6.3.1/../../../../arm-none-eabi/lib/thumb/v7e-m/fpv4-sp/hard\libc_nano.a(lib_a-gdtoa-hexnan.o)
                0x0800bb64                __hexnan
 .text.__localeconv_l
                0x0800bc84        0x4 c:/ac6/systemworkbench/plugins/fr.ac6.mcu.externaltools.arm-none.win32_1.15.0.201708311556/tools/compiler/bin/../lib/gcc/arm-none-eabi/6.3.1/../../../../arm-none-eabi/lib/thumb/v7e-m/fpv4-sp/hard\libc_nano.a(lib_a-localeconv.o)
                0x0800bc84                __localeconv_l
 .text.__malloc_lock
                0x0800bc88        0x2 c:/ac6/systemworkbench/plugins/fr.ac6.mcu.externaltools.arm-none.win32_1.15.0.201708311556/tools/compiler/bin/../lib/gcc/arm-none-eabi/6.3.1/../../../../arm-none-eabi/lib/thumb/v7e-m/fpv4-sp/hard\libc_nano.a(lib_a-mlock.o)
                0x0800bc88                __malloc_lock
 .text.__malloc_unlock
                0x0800bc8a        0x2 c:/ac6/systemworkbench/plugins/fr.ac6.mcu.externaltools.arm-none.win32_1.15.0.201708311556/tools/compiler/bin/../lib/gcc/arm-none-eabi/6.3.1/../../../../arm-none-eabi/lib/thumb/v7e-m/fpv4-sp/hard\libc_nano.a(lib_a-mlock.o)
                0x0800bc8a                __malloc_unlock
 .text._Balloc  0x0800bc8c       0x68 c:/ac6/systemworkbench/plugins/fr.ac6.mcu.externaltools.arm-none.win32_1.15.0.201708311556/tools/compiler/bin/../lib/gcc/arm-none-eabi/6.3.1/../../../../arm-none-eabi/lib/thumb/v7e-m/fpv4-sp/hard\libc_nano.a(lib_a-mprec.o)
                0x0800bc8c                _Balloc
 .text._Bfree   0x0800bcf4       0x2e c:/ac6/systemworkbench/plugins/fr.ac6.mcu.externaltools.arm-none.win32_1.15.0.201708311556/tools/compiler/bin/../lib/gcc/arm-none-eabi/6.3.1/../../../../arm-none-eabi/lib/thumb/v7e-m/fpv4-sp/hard\libc_nano.a(lib_a-mprec.o)
                0x0800bcf4                _Bfree
 .text.__multadd
                0x0800bd22       0x76 c:/ac6/systemworkbench/plugins/fr.ac6.mcu.externaltools.arm-none.win32_1.15.0.201708311556/tools/compiler/bin/../lib/gcc/arm-none-eabi/6.3.1/../../../../arm-none-eabi/lib/thumb/v7e-m/fpv4-sp/hard\libc_nano.a(lib_a-mprec.o)
                0x0800bd22                __multadd
 .text.__s2b    0x0800bd98       0x7c c:/ac6/systemworkbench/plugins/fr.ac6.mcu.externaltools.arm-none.win32_1.15.0.201708311556/tools/compiler/bin/../lib/gcc/arm-none-eabi/6.3.1/../../../../arm-none-eabi/lib/thumb/v7e-m/fpv4-sp/hard\libc_nano.a(lib_a-mprec.o)
                0x0800bd98                __s2b
 .text.__hi0bits
                0x0800be14       0x3e c:/ac6/systemworkbench/plugins/fr.ac6.mcu.externaltools.arm-none.win32_1.15.0.201708311556/tools/compiler/bin/../lib/gcc/arm-none-eabi/6.3.1/../../../../arm-none-eabi/lib/thumb/v7e-m/fpv4-sp/hard\libc_nano.a(lib_a-mprec.o)
                0x0800be14                __hi0bits
 .text.__lo0bits
                0x0800be52       0x5e c:/ac6/systemworkbench/plugins/fr.ac6.mcu.externaltools.arm-none.win32_1.15.0.201708311556/tools/compiler/bin/../lib/gcc/arm-none-eabi/6.3.1/../../../../arm-none-eabi/lib/thumb/v7e-m/fpv4-sp/hard\libc_nano.a(lib_a-mprec.o)
                0x0800be52                __lo0bits
 .text.__i2b    0x0800beb0       0x12 c:/ac6/systemworkbench/plugins/fr.ac6.mcu.externaltools.arm-none.win32_1.15.0.201708311556/tools/compiler/bin/../lib/gcc/arm-none-eabi/6.3.1/../../../../arm-none-eabi/lib/thumb/v7e-m/fpv4-sp/hard\libc_nano.a(lib_a-mprec.o)
                0x0800beb0                __i2b
 .text.__multiply
                0x0800bec2      0x11a c:/ac6/systemworkbench/plugins/fr.ac6.mcu.externaltools.arm-none.win32_1.15.0.201708311556/tools/compiler/bin/../lib/gcc/arm-none-eabi/6.3.1/../../../../arm-none-eabi/lib/thumb/v7e-m/fpv4-sp/hard\libc_nano.a(lib_a-mprec.o)
                0x0800bec2                __multiply
 .text.__pow5mult
                0x0800bfdc       0x9c c:/ac6/systemworkbench/plugins/fr.ac6.mcu.externaltools.arm-none.win32_1.15.0.201708311556/tools/compiler/bin/../lib/gcc/arm-none-eabi/6.3.1/../../../../arm-none-eabi/lib/thumb/v7e-m/fpv4-sp/hard\libc_nano.a(lib_a-mprec.o)
                0x0800bfdc                __pow5mult
 .text.__lshift
                0x0800c078       0xa2 c:/ac6/systemworkbench/plugins/fr.ac6.mcu.externaltools.arm-none.win32_1.15.0.201708311556/tools/compiler/bin/../lib/gcc/arm-none-eabi/6.3.1/../../../../arm-none-eabi/lib/thumb/v7e-m/fpv4-sp/hard\libc_nano.a(lib_a-mprec.o)
                0x0800c078                __lshift
 .text.__mcmp   0x0800c11a       0x34 c:/ac6/systemworkbench/plugins/fr.ac6.mcu.externaltools.arm-none.win32_1.15.0.201708311556/tools/compiler/bin/../lib/gcc/arm-none-eabi/6.3.1/../../../../arm-none-eabi/lib/thumb/v7e-m/fpv4-sp/hard\libc_nano.a(lib_a-mprec.o)
                0x0800c11a                __mcmp
 .text.__mdiff  0x0800c14e       0xbc c:/ac6/systemworkbench/plugins/fr.ac6.mcu.externaltools.arm-none.win32_1.15.0.201708311556/tools/compiler/bin/../lib/gcc/arm-none-eabi/6.3.1/../../../../arm-none-eabi/lib/thumb/v7e-m/fpv4-sp/hard\libc_nano.a(lib_a-mprec.o)
                0x0800c14e                __mdiff
 *fill*         0x0800c20a        0x2 
 .text.__ulp    0x0800c20c       0x50 c:/ac6/systemworkbench/plugins/fr.ac6.mcu.externaltools.arm-none.win32_1.15.0.201708311556/tools/compiler/bin/../lib/gcc/arm-none-eabi/6.3.1/../../../../arm-none-eabi/lib/thumb/v7e-m/fpv4-sp/hard\libc_nano.a(lib_a-mprec.o)
                0x0800c20c                __ulp
 .text.__b2d    0x0800c25c       0x9c c:/ac6/systemworkbench/plugins/fr.ac6.mcu.externaltools.arm-none.win32_1.15.0.201708311556/tools/compiler/bin/../lib/gcc/arm-none-eabi/6.3.1/../../../../arm-none-eabi/lib/thumb/v7e-m/fpv4-sp/hard\libc_nano.a(lib_a-mprec.o)
                0x0800c25c                __b2d
 .text.__d2b    0x0800c2f8       0x9e c:/ac6/systemworkbench/plugins/fr.ac6.mcu.externaltools.arm-none.win32_1.15.0.201708311556/tools/compiler/bin/../lib/gcc/arm-none-eabi/6.3.1/../../../../arm-none-eabi/lib/thumb/v7e-m/fpv4-sp/hard\libc_nano.a(lib_a-mprec.o)
                0x0800c2f8                __d2b
 .text.__ratio  0x0800c396       0x58 c:/ac6/systemworkbench/plugins/fr.ac6.mcu.externaltools.arm-none.win32_1.15.0.201708311556/tools/compiler/bin/../lib/gcc/arm-none-eabi/6.3.1/../../../../arm-none-eabi/lib/thumb/v7e-m/fpv4-sp/hard\libc_nano.a(lib_a-mprec.o)
                0x0800c396                __ratio
 .text.__copybits
                0x0800c3ee       0x34 c:/ac6/systemworkbench/plugins/fr.ac6.mcu.externaltools.arm-none.win32_1.15.0.201708311556/tools/compiler/bin/../lib/gcc/arm-none-eabi/6.3.1/../../../../arm-none-eabi/lib/thumb/v7e-m/fpv4-sp/hard\libc_nano.a(lib_a-mprec.o)
                0x0800c3ee                __copybits
 .text.__any_on
                0x0800c422       0x42 c:/ac6/systemworkbench/plugins/fr.ac6.mcu.externaltools.arm-none.win32_1.15.0.201708311556/tools/compiler/bin/../lib/gcc/arm-none-eabi/6.3.1/../../../../arm-none-eabi/lib/thumb/v7e-m/fpv4-sp/hard\libc_nano.a(lib_a-mprec.o)
                0x0800c422                __any_on
 .text._calloc_r
                0x0800c464       0x1c c:/ac6/systemworkbench/plugins/fr.ac6.mcu.externaltools.arm-none.win32_1.15.0.201708311556/tools/compiler/bin/../lib/gcc/arm-none-eabi/6.3.1/../../../../arm-none-eabi/lib/thumb/v7e-m/fpv4-sp/hard\libc_nano.a(lib_a-nano-callocr.o)
                0x0800c464                _calloc_r
 .text.nanf     0x0800c480        0xc c:/ac6/systemworkbench/plugins/fr.ac6.mcu.externaltools.arm-none.win32_1.15.0.201708311556/tools/compiler/bin/../lib/gcc/arm-none-eabi/6.3.1/../../../../arm-none-eabi/lib/thumb/v7e-m/fpv4-sp/hard\libc_nano.a(lib_a-sf_nan.o)
                0x0800c480                nanf
 *(.glue_7)
 .glue_7        0x0800c48c        0x0 linker stubs
 *(.glue_7t)
 .glue_7t       0x0800c48c        0x0 linker stubs
 *(.eh_frame)
 .eh_frame      0x0800c48c        0x0 c:/ac6/systemworkbench/plugins/fr.ac6.mcu.externaltools.arm-none.win32_1.15.0.201708311556/tools/compiler/bin/../lib/gcc/arm-none-eabi/6.3.1/thumb/v7e-m/fpv4-sp/hard/crtbegin.o
 *(.init)
 .init          0x0800c48c        0x4 c:/ac6/systemworkbench/plugins/fr.ac6.mcu.externaltools.arm-none.win32_1.15.0.201708311556/tools/compiler/bin/../lib/gcc/arm-none-eabi/6.3.1/thumb/v7e-m/fpv4-sp/hard/crti.o
                0x0800c48c                _init
 .init          0x0800c490        0x8 c:/ac6/systemworkbench/plugins/fr.ac6.mcu.externaltools.arm-none.win32_1.15.0.201708311556/tools/compiler/bin/../lib/gcc/arm-none-eabi/6.3.1/thumb/v7e-m/fpv4-sp/hard/crtn.o
 *(.fini)
 .fini          0x0800c498        0x4 c:/ac6/systemworkbench/plugins/fr.ac6.mcu.externaltools.arm-none.win32_1.15.0.201708311556/tools/compiler/bin/../lib/gcc/arm-none-eabi/6.3.1/thumb/v7e-m/fpv4-sp/hard/crti.o
                0x0800c498                _fini
 .fini          0x0800c49c        0x8 c:/ac6/systemworkbench/plugins/fr.ac6.mcu.externaltools.arm-none.win32_1.15.0.201708311556/tools/compiler/bin/../lib/gcc/arm-none-eabi/6.3.1/thumb/v7e-m/fpv4-sp/hard/crtn.o
                0x0800c4a4                . = ALIGN (0x4)
                0x0800c4a4                _etext = .

.vfp11_veneer   0x0800c4a4        0x0
 .vfp11_veneer  0x0800c4a4        0x0 linker stubs

.v4_bx          0x0800c4a4        0x0
 .v4_bx         0x0800c4a4        0x0 linker stubs

.iplt           0x0800c4a4        0x0
 .iplt          0x0800c4a4        0x0 c:/ac6/systemworkbench/plugins/fr.ac6.mcu.externaltools.arm-none.win32_1.15.0.201708311556/tools/compiler/bin/../lib/gcc/arm-none-eabi/6.3.1/thumb/v7e-m/fpv4-sp/hard/crtbegin.o

.rodata         0x0800c4a8      0x44c
                0x0800c4a8                . = ALIGN (0x4)
 *(.rodata)
 .rodata        0x0800c4a8        0x5 Middlewares/Third_Party/FreeRTOS/Source/tasks.o
 *fill*         0x0800c4ad        0x3 
 .rodata        0x0800c4b0       0x17 Src/GPSTask/GPSTask.o
 *fill*         0x0800c4c7        0x1 
 .rodata        0x0800c4c8       0x10 Src/RemoteTask/RemoteTask.o
                0x0800c4c8                STAT_STARTUP
 .rodata        0x0800c4d8      0x114 Src/freertos.o
 .rodata        0x0800c5ec        0xe Src/iwdg.o
 *fill*         0x0800c5fa        0x2 
 .rodata        0x0800c5fc        0xe Src/main.o
 *fill*         0x0800c60a        0x2 
 .rodata        0x0800c60c        0xd Src/spi.o
 *fill*         0x0800c619        0x3 
 .rodata        0x0800c61c       0x18 Src/system_stm32f4xx.o
                0x0800c61c                AHBPrescTable
                0x0800c62c                APBPrescTable
 .rodata        0x0800c634        0xf Src/usart.o
 *(.rodata*)
 *fill*         0x0800c643        0x5 
 .rodata.atanhi
                0x0800c648       0x20 c:/ac6/systemworkbench/plugins/fr.ac6.mcu.externaltools.arm-none.win32_1.15.0.201708311556/tools/compiler/bin/../lib/gcc/arm-none-eabi/6.3.1/../../../../arm-none-eabi/lib/thumb/v7e-m/fpv4-sp/hard\libm.a(lib_a-s_atan.o)
 .rodata.atanlo
                0x0800c668       0x20 c:/ac6/systemworkbench/plugins/fr.ac6.mcu.externaltools.arm-none.win32_1.15.0.201708311556/tools/compiler/bin/../lib/gcc/arm-none-eabi/6.3.1/../../../../arm-none-eabi/lib/thumb/v7e-m/fpv4-sp/hard\libm.a(lib_a-s_atan.o)
 .rodata._setlocale_r.str1.1
                0x0800c688        0x8 c:/ac6/systemworkbench/plugins/fr.ac6.mcu.externaltools.arm-none.win32_1.15.0.201708311556/tools/compiler/bin/../lib/gcc/arm-none-eabi/6.3.1/../../../../arm-none-eabi/lib/thumb/v7e-m/fpv4-sp/hard\libc_nano.a(lib_a-locale.o)
                                  0x9 (size before relaxing)
 .rodata.str1.1
                0x0800c690        0x2 c:/ac6/systemworkbench/plugins/fr.ac6.mcu.externaltools.arm-none.win32_1.15.0.201708311556/tools/compiler/bin/../lib/gcc/arm-none-eabi/6.3.1/../../../../arm-none-eabi/lib/thumb/v7e-m/fpv4-sp/hard\libc_nano.a(lib_a-locale.o)
 .rodata._strtod_l.str1.1
                0x0800c692        0xc c:/ac6/systemworkbench/plugins/fr.ac6.mcu.externaltools.arm-none.win32_1.15.0.201708311556/tools/compiler/bin/../lib/gcc/arm-none-eabi/6.3.1/../../../../arm-none-eabi/lib/thumb/v7e-m/fpv4-sp/hard\libc_nano.a(lib_a-strtod.o)
 *fill*         0x0800c69e        0x2 
 .rodata.fpi.7252
                0x0800c6a0       0x14 c:/ac6/systemworkbench/plugins/fr.ac6.mcu.externaltools.arm-none.win32_1.15.0.201708311556/tools/compiler/bin/../lib/gcc/arm-none-eabi/6.3.1/../../../../arm-none-eabi/lib/thumb/v7e-m/fpv4-sp/hard\libc_nano.a(lib_a-strtod.o)
 .rodata.fpinan.7288
                0x0800c6b4       0x14 c:/ac6/systemworkbench/plugins/fr.ac6.mcu.externaltools.arm-none.win32_1.15.0.201708311556/tools/compiler/bin/../lib/gcc/arm-none-eabi/6.3.1/../../../../arm-none-eabi/lib/thumb/v7e-m/fpv4-sp/hard\libc_nano.a(lib_a-strtod.o)
 .rodata.tinytens
                0x0800c6c8       0x28 c:/ac6/systemworkbench/plugins/fr.ac6.mcu.externaltools.arm-none.win32_1.15.0.201708311556/tools/compiler/bin/../lib/gcc/arm-none-eabi/6.3.1/../../../../arm-none-eabi/lib/thumb/v7e-m/fpv4-sp/hard\libc_nano.a(lib_a-strtod.o)
 .rodata._ctype_
                0x0800c6f0      0x101 c:/ac6/systemworkbench/plugins/fr.ac6.mcu.externaltools.arm-none.win32_1.15.0.201708311556/tools/compiler/bin/../lib/gcc/arm-none-eabi/6.3.1/../../../../arm-none-eabi/lib/thumb/v7e-m/fpv4-sp/hard\libc_nano.a(lib_a-ctype_.o)
                0x0800c6f0                _ctype_
 *fill*         0x0800c7f1        0x7 
 .rodata.__mprec_bigtens
                0x0800c7f8       0x28 c:/ac6/systemworkbench/plugins/fr.ac6.mcu.externaltools.arm-none.win32_1.15.0.201708311556/tools/compiler/bin/../lib/gcc/arm-none-eabi/6.3.1/../../../../arm-none-eabi/lib/thumb/v7e-m/fpv4-sp/hard\libc_nano.a(lib_a-mprec.o)
                0x0800c7f8                __mprec_bigtens
 .rodata.__mprec_tens
                0x0800c820       0xc8 c:/ac6/systemworkbench/plugins/fr.ac6.mcu.externaltools.arm-none.win32_1.15.0.201708311556/tools/compiler/bin/../lib/gcc/arm-none-eabi/6.3.1/../../../../arm-none-eabi/lib/thumb/v7e-m/fpv4-sp/hard\libc_nano.a(lib_a-mprec.o)
                0x0800c820                __mprec_tens
 .rodata.p05.7170
                0x0800c8e8        0xc c:/ac6/systemworkbench/plugins/fr.ac6.mcu.externaltools.arm-none.win32_1.15.0.201708311556/tools/compiler/bin/../lib/gcc/arm-none-eabi/6.3.1/../../../../arm-none-eabi/lib/thumb/v7e-m/fpv4-sp/hard\libc_nano.a(lib_a-mprec.o)
                0x0800c8f4                . = ALIGN (0x4)

.rel.dyn        0x0800c8f4        0x0
 .rel.iplt      0x0800c8f4        0x0 c:/ac6/systemworkbench/plugins/fr.ac6.mcu.externaltools.arm-none.win32_1.15.0.201708311556/tools/compiler/bin/../lib/gcc/arm-none-eabi/6.3.1/thumb/v7e-m/fpv4-sp/hard/crtbegin.o

.ARM.extab
 *(.ARM.extab* .gnu.linkonce.armextab.*)

.ARM            0x0800c8f4        0x0
                0x0800c8f4                __exidx_start = .
 *(.ARM.exidx*)
                0x0800c8f4                __exidx_end = .

.preinit_array  0x0800c8f4        0x0
                0x0800c8f4                PROVIDE (__preinit_array_start, .)
 *(.preinit_array*)
                0x0800c8f4                PROVIDE (__preinit_array_end, .)

.init_array     0x0800c8f4        0x4
                0x0800c8f4                PROVIDE (__init_array_start, .)
 *(SORT(.init_array.*))
 *(.init_array*)
 .init_array    0x0800c8f4        0x4 c:/ac6/systemworkbench/plugins/fr.ac6.mcu.externaltools.arm-none.win32_1.15.0.201708311556/tools/compiler/bin/../lib/gcc/arm-none-eabi/6.3.1/thumb/v7e-m/fpv4-sp/hard/crtbegin.o
                0x0800c8f8                PROVIDE (__init_array_end, .)

.fini_array     0x0800c8f8        0x4
                [!provide]                PROVIDE (__fini_array_start, .)
 *(SORT(.fini_array.*))
 *(.fini_array*)
 .fini_array    0x0800c8f8        0x4 c:/ac6/systemworkbench/plugins/fr.ac6.mcu.externaltools.arm-none.win32_1.15.0.201708311556/tools/compiler/bin/../lib/gcc/arm-none-eabi/6.3.1/thumb/v7e-m/fpv4-sp/hard/crtbegin.o
                [!provide]                PROVIDE (__fini_array_end, .)
                0x0800c8fc                _sidata = LOADADDR (.data)

.data           0x20000000      0x1f4 load address 0x0800c8fc
                0x20000000                . = ALIGN (0x4)
                0x20000000                _sdata = .
 *(.data)
 .data          0x20000000        0x4 Middlewares/Third_Party/FreeRTOS/Source/portable/GCC/ARM_CM4F/port.o
 .data          0x20000004       0x1c Src/SPITask/SPITask.o
                0x20000004                pid
 .data          0x20000020        0x4 Src/system_stm32f4xx.o
                0x20000020                SystemCoreClock
 *(.data*)
 .data._impure_ptr
                0x20000024        0x4 c:/ac6/systemworkbench/plugins/fr.ac6.mcu.externaltools.arm-none.win32_1.15.0.201708311556/tools/compiler/bin/../lib/gcc/arm-none-eabi/6.3.1/../../../../arm-none-eabi/lib/thumb/v7e-m/fpv4-sp/hard\libc_nano.a(lib_a-impure.o)
                0x20000024                _impure_ptr
 .data.impure_data
                0x20000028       0x60 c:/ac6/systemworkbench/plugins/fr.ac6.mcu.externaltools.arm-none.win32_1.15.0.201708311556/tools/compiler/bin/../lib/gcc/arm-none-eabi/6.3.1/../../../../arm-none-eabi/lib/thumb/v7e-m/fpv4-sp/hard\libc_nano.a(lib_a-impure.o)
 .data.__global_locale
                0x20000088      0x16c c:/ac6/systemworkbench/plugins/fr.ac6.mcu.externaltools.arm-none.win32_1.15.0.201708311556/tools/compiler/bin/../lib/gcc/arm-none-eabi/6.3.1/../../../../arm-none-eabi/lib/thumb/v7e-m/fpv4-sp/hard\libc_nano.a(lib_a-locale.o)
                0x20000088                __global_locale
                0x200001f4                . = ALIGN (0x4)
                0x200001f4                _edata = .
                0x0800caf0                _siccmram = LOADADDR (.ccmram)

.jcr            0x200001f4        0x0 load address 0x0800caf0
 .jcr           0x200001f4        0x0 c:/ac6/systemworkbench/plugins/fr.ac6.mcu.externaltools.arm-none.win32_1.15.0.201708311556/tools/compiler/bin/../lib/gcc/arm-none-eabi/6.3.1/thumb/v7e-m/fpv4-sp/hard/crtbegin.o

.igot.plt       0x200001f4        0x0 load address 0x0800caf0
 .igot.plt      0x200001f4        0x0 c:/ac6/systemworkbench/plugins/fr.ac6.mcu.externaltools.arm-none.win32_1.15.0.201708311556/tools/compiler/bin/../lib/gcc/arm-none-eabi/6.3.1/thumb/v7e-m/fpv4-sp/hard/crtbegin.o

.ccmram         0x10000000        0x0 load address 0x0800caf0
                0x10000000                . = ALIGN (0x4)
                0x10000000                _sccmram = .
 *(.ccmram)
 *(.ccmram*)
                0x10000000                . = ALIGN (0x4)
                0x10000000                _eccmram = .
                0x10000000                . = ALIGN (0x4)

.bss            0x200001f4     0x8120
                0x200001f4                _sbss = .
                0x200001f4                __bss_start__ = _sbss
 *(.bss)
 .bss           0x200001f4       0x1c c:/ac6/systemworkbench/plugins/fr.ac6.mcu.externaltools.arm-none.win32_1.15.0.201708311556/tools/compiler/bin/../lib/gcc/arm-none-eabi/6.3.1/thumb/v7e-m/fpv4-sp/hard/crtbegin.o
 .bss           0x20000210      0x12c Middlewares/Third_Party/FreeRTOS/Source/tasks.o
                0x20000210                pxCurrentTCB
 .bss           0x2000033c        0x8 Middlewares/Third_Party/FreeRTOS/Source/portable/GCC/ARM_CM4F/port.o
 .bss           0x20000344     0x7818 Middlewares/Third_Party/FreeRTOS/Source/portable/MemMang/heap_4.o
 .bss           0x20007b5c        0x8 Src/ControlTask/ControlTask.o
                0x20007b5c                integrator
 .bss           0x20007b64       0x34 Src/IMUTask/EasyProfile/EasyProtocol.o
 .bss           0x20007b98       0x10 Src/IMUTask/EasyProfile/EasyQueue.o
 .bss           0x20007ba8        0x4 Src/RemoteTask/RemoteTask.o
 .bss           0x20007bac        0x4 Src/SPITask/SPITask.o
 .bss           0x20007bb0        0x2 Src/debug/debug.o
                0x20007bb0                cBufCnt
                0x20007bb1                DbgRdy
 *fill*         0x20007bb2        0x2 
 .bss           0x20007bb4        0x8 Src/syscalls.o
                0x20007bb4                __env
 *(.bss*)
 .bss.__malloc_free_list
                0x20007bbc        0x4 c:/ac6/systemworkbench/plugins/fr.ac6.mcu.externaltools.arm-none.win32_1.15.0.201708311556/tools/compiler/bin/../lib/gcc/arm-none-eabi/6.3.1/../../../../arm-none-eabi/lib/thumb/v7e-m/fpv4-sp/hard\libc_nano.a(lib_a-nano-mallocr.o)
                0x20007bbc                __malloc_free_list
 .bss.__malloc_sbrk_start
                0x20007bc0        0x4 c:/ac6/systemworkbench/plugins/fr.ac6.mcu.externaltools.arm-none.win32_1.15.0.201708311556/tools/compiler/bin/../lib/gcc/arm-none-eabi/6.3.1/../../../../arm-none-eabi/lib/thumb/v7e-m/fpv4-sp/hard\libc_nano.a(lib_a-nano-mallocr.o)
                0x20007bc0                __malloc_sbrk_start
 *(COMMON)
 COMMON         0x20007bc4        0x4 Drivers/STM32F4xx_HAL_Driver/Src/stm32f4xx_hal.o
                0x20007bc4                uwTick
 COMMON         0x20007bc8       0x20 Drivers/STM32F4xx_HAL_Driver/Src/stm32f4xx_hal_flash.o
                0x20007bc8                pFlash
 COMMON         0x20007be8       0x3c Src/ControlTask/ControlTask.o
                0x20007be8                CtrlState
                0x20007bec                DebugTaskHandle
                0x20007bf0                IMUTaskHandle
                0x20007bf4                WindTaskHandle
                0x20007bf8                SPITaskHandle
                0x20007bfc                ctrl_p
                0x20007c18                GPSTaskHandle
                0x20007c1c                ControlTaskHandle
                0x20007c20                xMutexCtrlParam
 COMMON         0x20007c24        0xc Src/Eeprom/EepromTask.o
                0x20007c24                RemoteTaskHandle
                0x20007c28                EepromTaskHandle
                0x20007c2c                xQueueEeprom
 COMMON         0x20007c30       0xce Src/GPSTask/GPSTask.o
                0x20007c30                xSemaphoreGPSData
                0x20007c34                ptrprepData
                0x20007c38                ptrBuff
                0x20007c3c                prepLength
                0x20007c40                xQueueGPS
                0x20007c44                gps_data
                0x20007c64                readGPS
                0x20007c68                prepData
 *fill*         0x20007cfe        0x2 
 COMMON         0x20007d00       0xa0 Src/IMUTask/EasyProfile/EasyObjectDictionary.o
                0x20007d00                ep_Ack
                0x20007d08                ep_RPY
                0x20007d1c                ep_Request
                0x20007d24                ep_Gravity
                0x20007d38                ep_Status
                0x20007d48                ep_Raw_GyroAccMag
                0x20007d74                ep_Q_s1_e
                0x20007d8c                ep_Euler_s1_e
 COMMON         0x20007da0       0x18 Src/IMUTask/IMU.o
                0x20007da0                IMU
                0x20007db0                f_IMURelOffset
                0x20007db4                yawTmp
 COMMON         0x20007db8        0x9 Src/IMUTask/IMUTask.o
                0x20007db8                status_send
                0x20007dbc                xQueueIMU
                0x20007dc0                rx_char
 *fill*         0x20007dc1        0x3 
 COMMON         0x20007dc4       0x15 Src/RemoteTask/RemoteTask.o
                0x20007dc4                rxCnt
                0x20007dc5                rxByte
                0x20007dc8                xQueueRemote
                0x20007dcc                rxBuf
                0x20007dd4                xSemaphoreWindData
                0x20007dd8                rxState
 *fill*         0x20007dd9        0x3 
 COMMON         0x20007ddc       0x12 Src/SPITask/SPITask.o
                0x20007ddc                MotorState
                0x20007dde                maxPos
                0x20007de0                PV_Position
                0x20007de4                xMotCtrlMutex_ProcessValue
                0x20007de8                xMotCtrlMutex_SetPoint
                0x20007dec                SP_Position
 *fill*         0x20007dee        0x2 
 COMMON         0x20007df0       0x11 Src/WindTask/WindTask.o
                0x20007df0                xQueueWind
                0x20007df4                windSensor
                0x20007e00                readWind
 *fill*         0x20007e01        0x3 
 COMMON         0x20007e04      0x328 Src/debug/debug.o
                0x20007e04                strbf8
                0x20007e68                strbf6
                0x20007ecc                strbf3
                0x20007f30                strbf7
                0x20007f94                strbf1
                0x20007ff8                xQueueDebug
                0x20007ffc                strbf2
                0x20008060                strbf4
                0x200080c4                xSemaphoreDebug
                0x200080c8                strbf5
 COMMON         0x2000812c        0x4 Src/freertos.o
                0x2000812c                IwdgTaskHandle
 COMMON         0x20008130        0xc Src/iwdg.o
                0x20008130                hiwdg
 COMMON         0x2000813c       0x58 Src/spi.o
                0x2000813c                hspi1
 COMMON         0x20008194       0x3c Src/stm32f4xx_hal_timebase_TIM.o
                0x20008194                htim1
 COMMON         0x200081d0      0x140 Src/usart.o
                0x200081d0                huart7
                0x20008210                huart3
                0x20008250                huart5
                0x20008290                huart4
                0x200082d0                huart2
 COMMON         0x20008310        0x4 c:/ac6/systemworkbench/plugins/fr.ac6.mcu.externaltools.arm-none.win32_1.15.0.201708311556/tools/compiler/bin/../lib/gcc/arm-none-eabi/6.3.1/../../../../arm-none-eabi/lib/thumb/v7e-m/fpv4-sp/hard\libc_nano.a(lib_a-reent.o)
                0x20008310                errno
                0x20008314                . = ALIGN (0x4)
                0x20008314                _ebss = .
                0x20008314                __bss_end__ = _ebss

._user_heap_stack
                0x20008314      0x604
                0x20008318                . = ALIGN (0x8)
 *fill*         0x20008314        0x4 
                0x20008318                PROVIDE (end, .)
                [!provide]                PROVIDE (_end, .)
                0x20008518                . = (. + _Min_Heap_Size)
 *fill*         0x20008318      0x200 
                0x20008918                . = (. + _Min_Stack_Size)
 *fill*         0x20008518      0x400 
                0x20008918                . = ALIGN (0x8)

/DISCARD/
 libc.a(*)
 libm.a(*)
 libgcc.a(*)

.ARM.attributes
                0x00000000       0x30
 *(.ARM.attributes)
 .ARM.attributes
                0x00000000       0x22 c:/ac6/systemworkbench/plugins/fr.ac6.mcu.externaltools.arm-none.win32_1.15.0.201708311556/tools/compiler/bin/../lib/gcc/arm-none-eabi/6.3.1/thumb/v7e-m/fpv4-sp/hard/crti.o
 .ARM.attributes
                0x00000022       0x34 c:/ac6/systemworkbench/plugins/fr.ac6.mcu.externaltools.arm-none.win32_1.15.0.201708311556/tools/compiler/bin/../lib/gcc/arm-none-eabi/6.3.1/thumb/v7e-m/fpv4-sp/hard/crtbegin.o
 .ARM.attributes
                0x00000056       0x39 Drivers/STM32F4xx_HAL_Driver/Src/stm32f4xx_hal.o
 .ARM.attributes
                0x0000008f       0x39 Drivers/STM32F4xx_HAL_Driver/Src/stm32f4xx_hal_cortex.o
 .ARM.attributes
                0x000000c8       0x39 Drivers/STM32F4xx_HAL_Driver/Src/stm32f4xx_hal_dma.o
 .ARM.attributes
                0x00000101       0x39 Drivers/STM32F4xx_HAL_Driver/Src/stm32f4xx_hal_flash.o
 .ARM.attributes
                0x0000013a       0x39 Drivers/STM32F4xx_HAL_Driver/Src/stm32f4xx_hal_flash_ex.o
 .ARM.attributes
                0x00000173       0x39 Drivers/STM32F4xx_HAL_Driver/Src/stm32f4xx_hal_gpio.o
 .ARM.attributes
                0x000001ac       0x39 Drivers/STM32F4xx_HAL_Driver/Src/stm32f4xx_hal_iwdg.o
 .ARM.attributes
                0x000001e5       0x39 Drivers/STM32F4xx_HAL_Driver/Src/stm32f4xx_hal_rcc.o
 .ARM.attributes
                0x0000021e       0x39 Drivers/STM32F4xx_HAL_Driver/Src/stm32f4xx_hal_spi.o
 .ARM.attributes
                0x00000257       0x39 Drivers/STM32F4xx_HAL_Driver/Src/stm32f4xx_hal_tim.o
 .ARM.attributes
                0x00000290       0x39 Drivers/STM32F4xx_HAL_Driver/Src/stm32f4xx_hal_tim_ex.o
 .ARM.attributes
                0x000002c9       0x39 Drivers/STM32F4xx_HAL_Driver/Src/stm32f4xx_hal_uart.o
 .ARM.attributes
                0x00000302       0x39 Middlewares/Third_Party/FreeRTOS/Source/CMSIS_RTOS/cmsis_os.o
 .ARM.attributes
                0x0000033b       0x39 Middlewares/Third_Party/FreeRTOS/Source/list.o
 .ARM.attributes
                0x00000374       0x39 Middlewares/Third_Party/FreeRTOS/Source/queue.o
 .ARM.attributes
                0x000003ad       0x39 Middlewares/Third_Party/FreeRTOS/Source/tasks.o
 .ARM.attributes
                0x000003e6       0x39 Middlewares/Third_Party/FreeRTOS/Source/portable/GCC/ARM_CM4F/port.o
 .ARM.attributes
                0x0000041f       0x39 Middlewares/Third_Party/FreeRTOS/Source/portable/MemMang/heap_4.o
 .ARM.attributes
                0x00000458       0x39 Src/ControlTask/ControlTask.o
 .ARM.attributes
                0x00000491       0x39 Src/Eeprom/EepromTask.o
 .ARM.attributes
                0x000004ca       0x39 Src/GPSTask/GPSTask.o
 .ARM.attributes
                0x00000503       0x39 Src/IMUTask/EasyProfile/EasyObjectDictionary.o
 .ARM.attributes
                0x0000053c       0x39 Src/IMUTask/EasyProfile/EasyProfile.o
 .ARM.attributes
                0x00000575       0x39 Src/IMUTask/EasyProfile/EasyProtocol.o
 .ARM.attributes
                0x000005ae       0x39 Src/IMUTask/EasyProfile/EasyQueue.o
 .ARM.attributes
                0x000005e7       0x39 Src/IMUTask/IMU.o
 .ARM.attributes
                0x00000620       0x39 Src/IMUTask/IMUTask.o
 .ARM.attributes
                0x00000659       0x39 Src/RemoteTask/RemoteTask.o
 .ARM.attributes
                0x00000692       0x39 Src/SPITask/SPITask.o
 .ARM.attributes
                0x000006cb       0x39 Src/WindTask/WindTask.o
 .ARM.attributes
                0x00000704       0x39 Src/debug/debug.o
 .ARM.attributes
                0x0000073d       0x39 Src/freertos.o
 .ARM.attributes
                0x00000776       0x39 Src/gpio.o
 .ARM.attributes
                0x000007af       0x39 Src/iwdg.o
 .ARM.attributes
                0x000007e8       0x39 Src/main.o
 .ARM.attributes
                0x00000821       0x39 Src/spi.o
 .ARM.attributes
                0x0000085a       0x39 Src/stm32f4xx_hal_msp.o
 .ARM.attributes
                0x00000893       0x39 Src/stm32f4xx_hal_timebase_TIM.o
 .ARM.attributes
                0x000008cc       0x39 Src/stm32f4xx_it.o
 .ARM.attributes
                0x00000905       0x39 Src/syscalls.o
 .ARM.attributes
                0x0000093e       0x39 Src/system_stm32f4xx.o
 .ARM.attributes
                0x00000977       0x39 Src/usart.o
 .ARM.attributes
                0x000009b0       0x39 Src/iwdgTask/iwdgTask.o
 .ARM.attributes
                0x000009e9       0x21 startup/startup_stm32f429xx.o
 .ARM.attributes
                0x00000a0a       0x34 c:/ac6/systemworkbench/plugins/fr.ac6.mcu.externaltools.arm-none.win32_1.15.0.201708311556/tools/compiler/bin/../lib/gcc/arm-none-eabi/6.3.1/../../../../arm-none-eabi/lib/thumb/v7e-m/fpv4-sp/hard\libm.a(lib_a-w_atan2.o)
 .ARM.attributes
                0x00000a3e       0x34 c:/ac6/systemworkbench/plugins/fr.ac6.mcu.externaltools.arm-none.win32_1.15.0.201708311556/tools/compiler/bin/../lib/gcc/arm-none-eabi/6.3.1/../../../../arm-none-eabi/lib/thumb/v7e-m/fpv4-sp/hard\libm.a(lib_a-e_atan2.o)
 .ARM.attributes